// Jest Snapshot v1, https://goo.gl/fbAQLP

exports[`Error500 Page should take snapshot and render properly 1`] = `
<div>
  <div
    class="sc-1ps4yrw-0 bxbRps"
  >
    <div
      class="sc-1ps4yrw-1 iLcHwm"
    >
      <a
        class="sc-tkiih6-18 fdIgWN"
      >
        <svg
          fill="none"
          height="63"
          viewBox="0 0 321 63"
          width="321"
          xmlns="http://www.w3.org/2000/svg"
        >
          <path
            d="M28.977 52.084c0 3.42-1.288 6.105-3.863 8.06C22.587 62.047 18.894 63 14.034 63c-3.936 0-7.167-.586-9.694-1.758C1.862 60.07.623 58.507.623 56.553c0-.928.194-1.733.583-2.417a5.533 5.533 0 0 1 1.676-1.685c1.36.879 2.916 1.66 4.665 2.344 1.798.684 3.863 1.026 6.196 1.026 4.033 0 6.05-1.246 6.05-3.737 0-1.025-.365-1.856-1.094-2.49-.68-.635-1.773-1.124-3.28-1.466l-4.082-.952c-3.595-.782-6.268-2.003-8.018-3.663-1.7-1.71-2.55-3.956-2.55-6.74 0-3.175 1.263-5.739 3.79-7.692 2.527-2.003 6.074-3.004 10.642-3.004 2.332 0 4.397.244 6.195.733 1.847.44 3.305 1.099 4.374 1.978 1.069.879 1.603 1.929 1.603 3.15 0 .879-.194 1.66-.583 2.344a4.216 4.216 0 0 1-1.385 1.539c-.583-.342-1.385-.709-2.405-1.1a26.109 26.109 0 0 0-3.426-1.025 16.422 16.422 0 0 0-3.717-.44c-1.896 0-3.378.294-4.447.88-1.069.586-1.603 1.465-1.603 2.637 0 .781.291 1.465.874 2.051.632.538 1.701.977 3.208 1.319l3.571.88c4.034.927 6.95 2.295 8.747 4.102 1.847 1.758 2.77 4.078 2.77 6.96zM49.73 47.396l-6.413-4.323L59.79 26.59c1.895 0 3.377.415 4.446 1.245 1.118.83 1.676 1.88 1.676 3.15 0 1.124-.364 2.1-1.093 2.93-.68.831-1.774 1.881-3.28 3.151l-11.808 10.33zm-6.195-2.93l7.143-3.37 16.911 15.97c-.146 1.71-.656 3.053-1.53 4.03-.827.927-2.017 1.391-3.572 1.391a5.597 5.597 0 0 1-3.062-.879c-.923-.586-1.92-1.514-2.988-2.784L43.535 44.465zm-7.143-2.052l9.257.44v18.974c-.389.098-.972.22-1.75.366-.728.147-1.554.22-2.478.22-1.7 0-2.964-.317-3.79-.952-.826-.635-1.24-1.759-1.24-3.37V42.414zm9.257 5.201l-9.257-.439V14.282c.389-.146.972-.269 1.75-.366.777-.147 1.603-.22 2.477-.22 1.75 0 3.013.317 3.79.952.827.586 1.24 1.71 1.24 3.37v29.597zM74.238 26.022c0-1.465.486-2.686 1.458-3.663 1.02-.977 2.308-1.465 3.863-1.465 1.555 0 2.819.488 3.79 1.465 1.021.977 1.531 2.198 1.531 3.663 0 1.465-.51 2.71-1.53 3.736-.972.977-2.236 1.466-3.79 1.466-1.556 0-2.843-.489-3.864-1.466-.972-1.025-1.458-2.27-1.458-3.736zM155.669 39.41a147.394 147.394 0 0 1-2.333 8.059 391.47 391.47 0 0 1-2.405 7.692c-.729 2.394-1.385 4.372-1.968 5.934-.486.391-1.167.709-2.041.953-.826.293-1.871.44-3.135.44-1.36 0-2.599-.196-3.717-.587-1.069-.44-1.774-1.074-2.114-1.904-.486-.977-1.02-2.37-1.603-4.176a267.37 267.37 0 0 1-1.75-6.227c-.583-2.394-1.19-4.86-1.822-7.4a353.69 353.69 0 0 1-1.604-7.326 279.653 279.653 0 0 1-1.239-6.447c.486-.488 1.142-.928 1.968-1.318.875-.44 1.847-.66 2.916-.66 1.312 0 2.357.318 3.134.953.778.635 1.288 1.71 1.531 3.223.437 2.93.875 5.641 1.312 8.132.486 2.49.923 4.738 1.312 6.74s.729 3.712 1.02 5.128a159.8 159.8 0 0 0 .802 3.224h.292c.291-1.124.777-2.906 1.458-5.348a566.28 566.28 0 0 1 2.405-8.352l2.77-9.524a8.806 8.806 0 0 1 2.114-.879c.777-.244 1.676-.366 2.697-.366 1.312 0 2.405.22 3.28.659.923.44 1.53 1.099 1.822 1.978a301.3 301.3 0 0 1 2.697 9.011l2.187 7.766c.68 2.246 1.142 3.931 1.385 5.055h.364c.826-4.054 1.676-8.328 2.551-12.82a217.616 217.616 0 0 0 2.333-13.48c1.214-.733 2.599-1.1 4.154-1.1 1.264 0 2.284.293 3.062.88.826.537 1.239 1.489 1.239 2.857 0 .634-.146 1.733-.437 3.296-.243 1.514-.608 3.273-1.094 5.275a168.41 168.41 0 0 1-1.53 6.374 603.894 603.894 0 0 1-1.75 6.447 228.604 228.604 0 0 1-1.676 5.64c-.535 1.661-.996 2.955-1.385 3.883-.438.391-1.166.709-2.187.953-1.02.293-2.114.44-3.28.44-3.061 0-4.884-.758-5.467-2.272a461.669 461.669 0 0 0-1.895-5.567 286.27 286.27 0 0 1-2.26-7.327 192.965 192.965 0 0 1-2.113-7.912zM200.996 63c-4.81 0-8.625-.952-11.443-2.857-2.819-1.905-4.228-4.713-4.228-8.425 0-3.272 1.02-5.763 3.061-7.472 2.09-1.759 5.103-2.833 9.039-3.224l9.986-1.026v-1.318c0-1.905-.681-3.272-2.041-4.103-1.361-.879-3.232-1.319-5.613-1.319-1.895 0-3.742.245-5.54.733-1.798.489-3.401 1.05-4.81 1.685-.535-.39-.997-.928-1.385-1.612a4.716 4.716 0 0 1-.51-2.124c0-1.807.971-3.15 2.915-4.03 1.361-.586 2.94-1.025 4.738-1.318a35.29 35.29 0 0 1 5.54-.44c4.762 0 8.552 1.026 11.371 3.077 2.867 2.003 4.3 5.177 4.3 9.524v16.923c0 1.172-.291 2.1-.874 2.784-.535.684-1.264 1.294-2.187 1.832-1.361.781-3.086 1.416-5.175 1.904-2.09.538-4.471.806-7.144.806zm0-7.033c1.41 0 2.697-.146 3.863-.44 1.167-.292 2.017-.61 2.552-.952v-8.132l-7.071.66c-1.943.146-3.426.586-4.446 1.318-1.02.684-1.531 1.71-1.531 3.077 0 1.368.535 2.467 1.604 3.297 1.069.782 2.745 1.172 5.029 1.172zM225.594 42.56h9.111v8.572c0 1.563.462 2.686 1.385 3.37.972.684 2.308 1.026 4.009 1.026.778 0 1.604-.098 2.478-.293a22.635 22.635 0 0 0 2.333-.733c.389.39.705.88.948 1.465.291.538.437 1.172.437 1.905 0 1.465-.656 2.686-1.968 3.663-1.312.928-3.426 1.392-6.342 1.392-3.839 0-6.876-.855-9.111-2.564-2.187-1.758-3.28-4.64-3.28-8.645v-9.157zm5.54-7.399v-7.253h14.286c.243.342.462.83.656 1.466.195.635.292 1.343.292 2.124 0 1.221-.292 2.15-.875 2.784-.583.586-1.36.88-2.332.88h-12.027zm3.571 9.378h-9.111V18.092c.389-.098.948-.22 1.676-.367.778-.146 1.604-.22 2.479-.22 1.701 0 2.94.318 3.717.953.826.635 1.239 1.758 1.239 3.37v22.71zM270.712 33.55c-2.867 0-5.297.952-7.289 2.857-1.944 1.905-2.916 4.64-2.916 8.205 0 3.565.947 6.276 2.843 8.132 1.895 1.856 4.349 2.784 7.362 2.784 1.7 0 3.182-.22 4.446-.66 1.263-.488 2.357-1 3.28-1.538.729.488 1.288 1.05 1.676 1.685.389.586.584 1.319.584 2.198 0 1.66-.997 3.028-2.989 4.102-1.944 1.075-4.544 1.612-7.799 1.612-3.693 0-6.974-.684-9.841-2.051-2.818-1.368-5.005-3.395-6.56-6.08-1.555-2.736-2.332-6.13-2.332-10.184 0-4.103.826-7.522 2.478-10.257 1.701-2.735 3.961-4.786 6.779-6.153 2.818-1.368 5.88-2.052 9.184-2.052 3.256 0 5.856.586 7.799 1.759 1.944 1.123 2.916 2.515 2.916 4.175 0 .782-.194 1.49-.583 2.125a6.242 6.242 0 0 1-1.458 1.538c-.923-.537-2.016-1.025-3.28-1.465-1.215-.488-2.648-.732-4.3-.732zM320.377 47.103h-9.257v-6.667c0-2.442-.656-4.2-1.968-5.275-1.263-1.123-2.891-1.685-4.883-1.685-1.701 0-3.232.318-4.593.953-1.36.635-2.526 1.367-3.498 2.197l-.511-7.472c1.167-.733 2.6-1.416 4.301-2.051 1.749-.635 3.717-.953 5.904-.953 4.373 0 7.872 1.148 10.496 3.444 2.673 2.295 4.009 5.763 4.009 10.402v7.107zm-32.072-4.542h9.258v19.267c-.389.098-.972.22-1.75.366-.729.147-1.555.22-2.478.22-1.701 0-2.964-.317-3.79-.952-.826-.635-1.24-1.759-1.24-3.37V42.56zm22.815 0l9.257.073v19.194c-.388.098-.972.22-1.749.366a12.23 12.23 0 0 1-2.405.22c-1.75 0-3.038-.317-3.864-.952-.826-.635-1.239-1.759-1.239-3.37V42.56zm-13.557 4.761h-9.258v-33.04c.389-.146.972-.269 1.75-.366.777-.147 1.603-.22 2.478-.22 1.749 0 3.013.317 3.79.952.827.586 1.24 1.71 1.24 3.37v29.304z"
            fill="#3872D2"
          />
          <path
            d="M94.143 42.163l9.121.441V61.5c-.386.098-.965.22-1.737.367-.724.147-1.521.22-2.39.22-1.737 0-3.015-.318-3.836-.955-.772-.637-1.158-1.764-1.158-3.382V42.163zm9.121 5.146l-9.121-.367V11.145c.386-.147.941-.27 1.665-.368a13.15 13.15 0 0 1 2.461-.22c1.737 0 2.992.318 3.764.955.821.589 1.231 1.716 1.231 3.383v32.414zM113.442 42.163l9.121.441V61.5c-.386.098-.965.22-1.737.367a12.03 12.03 0 0 1-2.389.22c-1.738 0-3.016-.318-3.837-.955-.772-.637-1.158-1.764-1.158-3.382V42.163zm9.121 5.146l-9.121-.367V.588c.386-.147.941-.27 1.665-.367A13.14 13.14 0 0 1 117.568 0c1.737 0 2.992.319 3.764.956.821.588 1.231 1.715 1.231 3.382v42.971zM75.593 42.163l9.121.441V61.5c-.386.098-.965.22-1.737.367-.724.147-1.52.22-2.389.22-1.737 0-3.016-.318-3.837-.955-.772-.637-1.158-1.764-1.158-3.382V42.163zm9.121 5.146l-9.12-.367V34.898c.385-.147.94-.27 1.664-.368a13.15 13.15 0 0 1 2.461-.22c1.738 0 2.993.318 3.765.955.82.588 1.23 1.716 1.23 3.382v8.662z"
            fill="#97BBF6"
          />
        </svg>
      </a>
    </div>
    <svg
      class="sc-1ps4yrw-3"
      preserveAspectRatio="none"
      viewBox="0 0 300 100"
    >
      <svg
        viewBox="0 0 500 500"
        xmlns="http://www.w3.org/2000/svg"
      >
        <path
          d="M38.89 267.6s3.64 74.59 66.63 122.46 149.19 48.81 219 51.42 122.72-38.6 129.8-98.67-46.49-76-76.53-143.24-27.79-89.68-89.7-129.71S131 58.46 82 131.74 38.89 267.6 38.89 267.6z"
          fill="#90caf9"
        />
        <path
          d="M38.89 267.6s3.64 74.59 66.63 122.46 149.19 48.81 219 51.42 122.72-38.6 129.8-98.67-46.49-76-76.53-143.24-27.79-89.68-89.7-129.71S131 58.46 82 131.74 38.89 267.6 38.89 267.6z"
          fill="#fff"
          opacity=".7"
        />
        <path
          d="M420.73 372.86s-3.4-14.45-.85-27.21 8.5-4.25 15.31-12.76 3.4-24.66 11.05-31.47 18.71-5.95 21.26-18.71 4.26-23 9.36-21.26-4.25 17-4.25 26.37 5.1 15.3 1.7 24.66-17.86 5.95-17.86 17 5.95 22.11.85 29.77-18.71 9.35-20.41 13.6-6 11.91-10.21 11.91-5.95-11.9-5.95-11.9zM418 373c.85-2.55-.85-24.66-8.5-28.91s-16.16-2.55-20.41-10.21-4.26-11.05-8.51-11.9-24.66-4.26-22.11 0 17.86-2.56 17.86 5.95-1.7 22.11 3.4 25.51 18.71 2.55 17.86 10.21-3.4 10.2.85 12.76 16.16 13.6 17.86 5.1z"
          fill="#bfbfbf"
        />
        <path
          d="M427.43 391.77s-4-12.39 6.93-35.17 18.82-40.11 23.77-49M418.51 393.75s-1.48-5.95-6.44-22.29-10.89-20.8-19.31-26.25-8.91-14.36-10.4-16.84"
          fill="none"
          stroke="#263238"
          stroke-miterlimit="10"
          stroke-width="1.257"
        />
        <path
          d="M439.31 384.83s1-8.91 8.92-11.39 15.35-1.48 16.84-6.93 1.48-10.9 4.95-13.87 7.92-4.46 8.42-3-5 2.48-5 7.43 7.43 17.33-3.46 22.28-19.81.5-23.77 4-6.44 5.94-6.44 5.94z"
          fill="#bfbfbf"
        />
        <path
          d="M438.32 393.75s3.47-12.88 11.89-15.85 17.79 3.47 21.79-2.48 1-11.88.49-15.84"
          fill="none"
          stroke="#263238"
          stroke-miterlimit="10"
          stroke-width="1.257"
        />
        <path
          d="M443.89 391.77h-30.7a2.47 2.47 0 0 0-2.48 2.47 2.48 2.48 0 0 0 2.48 2.48h.25l2.39 6.27a2.57 2.57 0 0 0 2.4 1.65h20.63a2.58 2.58 0 0 0 2.4-1.65l2.39-6.27h.24a2.48 2.48 0 0 0 2.48-2.48 2.47 2.47 0 0 0-2.48-2.47z"
          fill="#263238"
        />
        <g>
          <rect
            fill="#90caf9"
            height="28.04"
            rx="4.73"
            width="156.35"
            x="302.6"
            y="250.74"
          />
          <path
            d="M314.36 259.68v12.6H313v-12.6zM317.41 272.28h-1.26v-12.6h1.78l2.91 9.11v-9.11h1.25v12.6h-1.46l-3.22-10.19zM325.72 272.28V261h-2.32v-1.28h6.05V261h-2.32v11.32zM335.26 265.26v1.26h-3.08V271H336v1.28h-5.18v-12.6H336V261h-3.78v4.3zM340.43 259.68c2 0 2.81 1 2.81 2.88v1c0 1.39-.49 2.25-1.57 2.6 1.15.34 1.58 1.28 1.58 2.63v2a3.07 3.07 0 0 0 .26 1.51h-1.43a3.33 3.33 0 0 1-.23-1.53v-2c0-1.42-.67-1.87-1.84-1.87h-1v5.38h-1.4v-12.6zm-.36 5.94c1.11 0 1.78-.36 1.78-1.73v-1.21c0-1.13-.41-1.72-1.46-1.72H339v4.66zM346.31 272.28h-1.26v-12.6h1.78l2.92 9.11v-9.11H351v12.6h-1.45l-3.23-10.19zM354.21 269.74l-.48 2.54h-1.3l2.41-12.6h2l2.41 12.6h-1.4l-.49-2.54zm.18-1.2h2.81l-1.42-7.28zM360.75 272.28v-12.6h1.4V271h3.6v1.28zM375.78 262.7v.3h-1.33v-.41c0-1.13-.43-1.8-1.44-1.8s-1.44.67-1.44 1.78c0 2.83 4.23 3.1 4.23 6.64 0 1.91-.92 3.16-2.85 3.16s-2.82-1.25-2.82-3.16v-.71h1.31v.79c0 1.13.47 1.8 1.48 1.8s1.47-.67 1.47-1.8c0-2.81-4.21-3.08-4.21-6.63 0-1.94.9-3.15 2.79-3.15s2.81 1.28 2.81 3.19zM381.86 265.26v1.26h-3.07V271h3.78v1.28h-5.19v-12.6h5.19V261h-3.78v4.3zM387 259.68c2 0 2.81 1 2.81 2.88v1c0 1.39-.49 2.25-1.57 2.6 1.15.34 1.59 1.28 1.59 2.63v2a3.07 3.07 0 0 0 .25 1.51h-1.42a3.17 3.17 0 0 1-.24-1.53v-2c0-1.42-.66-1.87-1.83-1.87h-1v5.38h-1.41v-12.6zm-.36 5.94c1.12 0 1.78-.36 1.78-1.73v-1.21c0-1.13-.41-1.72-1.46-1.72h-1.36v4.66zM392.7 259.68l2.05 11 2-11h1.29l-2.36 12.6h-2.07l-2.37-12.6zM404 265.26v1.26h-3.08V271h3.79v1.28h-5.19v-12.6h5.19V261h-3.79v4.3zM409.17 259.68c2 0 2.81 1 2.81 2.88v1c0 1.39-.49 2.25-1.57 2.6 1.15.34 1.59 1.28 1.59 2.63v2a3.07 3.07 0 0 0 .25 1.51h-1.42a3.17 3.17 0 0 1-.24-1.53v-2c0-1.42-.67-1.87-1.84-1.87h-1v5.38h-1.4v-12.6zm-.36 5.94c1.11 0 1.78-.36 1.78-1.73v-1.21c0-1.13-.41-1.72-1.46-1.72h-1.37v4.66zM421.44 265.26v1.26h-3.07V271h3.78v1.28H417v-12.6h5.19V261h-3.78v4.3zM426.61 259.68c2 0 2.81 1 2.81 2.88v1c0 1.39-.49 2.25-1.57 2.6 1.15.34 1.59 1.28 1.59 2.63v2a3.19 3.19 0 0 0 .25 1.51h-1.42a3.17 3.17 0 0 1-.24-1.53v-2c0-1.42-.66-1.87-1.83-1.87h-1v5.38h-1.4v-12.6zm-.36 5.94c1.12 0 1.78-.36 1.78-1.73v-1.21c0-1.13-.41-1.72-1.46-1.72h-1.36v4.66zM434.06 259.68c2 0 2.81 1 2.81 2.88v1c0 1.39-.49 2.25-1.57 2.6 1.16.34 1.59 1.28 1.59 2.63v2a3.19 3.19 0 0 0 .25 1.51h-1.42a3.3 3.3 0 0 1-.24-1.53v-2c0-1.42-.66-1.87-1.83-1.87h-1v5.38h-1.41v-12.6zm-.36 5.94c1.12 0 1.78-.36 1.78-1.73v-1.21c0-1.13-.41-1.72-1.45-1.72h-1.37v4.66zM438.6 262.72c0-1.93.95-3.17 2.88-3.17s2.9 1.24 2.9 3.17v6.52c0 1.91-1 3.17-2.9 3.17s-2.88-1.26-2.88-3.17zm1.38 6.59c0 1.15.49 1.82 1.5 1.82s1.49-.67 1.49-1.82v-6.66c0-1.14-.47-1.82-1.49-1.82s-1.5.68-1.5 1.82zM448.88 259.68c2 0 2.8 1 2.8 2.88v1c0 1.39-.48 2.25-1.56 2.6 1.15.34 1.58 1.28 1.58 2.63v2a3.07 3.07 0 0 0 .26 1.51h-1.43a3.33 3.33 0 0 1-.23-1.53v-2c0-1.42-.67-1.87-1.84-1.87h-1v5.38h-1.4v-12.6zm-.36 5.94c1.11 0 1.78-.36 1.78-1.73v-1.21c0-1.13-.42-1.72-1.46-1.72h-1.37v4.66zM337.12 221v5.85c0 4.5 2 6.12 5.13 6.12s5.13-1.62 5.13-6.12V213c0-4.5-2-6.21-5.13-6.21s-5.13 1.71-5.13 6.21v1.89h-9.36l1.8-36.54h26.1v9h-17.19l-.81 15a9.44 9.44 0 0 1 8.64-4.59c7.29 0 11 5.13 11 14.4v14c0 10.08-5 15.84-14.76 15.84s-14.76-5.76-14.76-15.84V221zM364.84 193.48c0-10.08 5.31-15.84 15-15.84s15 5.76 15 15.84v32.76c0 10.08-5.31 15.84-15 15.84s-15-5.76-15-15.84zm9.9 33.39c0 4.5 2 6.21 5.13 6.21s5.13-1.71 5.13-6.21v-34c0-4.5-2-6.21-5.13-6.21s-5.13 1.71-5.13 6.21zM402.28 193.48c0-10.08 5.31-15.84 15-15.84s15 5.76 15 15.84v32.76c0 10.08-5.31 15.84-15 15.84s-15-5.76-15-15.84zm9.9 33.39c0 4.5 2 6.21 5.13 6.21s5.13-1.71 5.13-6.21v-34c0-4.5-2-6.21-5.13-6.21s-5.13 1.71-5.13 6.21z"
            fill="#263238"
          />
        </g>
        <g>
          <path
            d="M153 338.54a23.83 23.83 0 0 1 17.68 4.4c8.17 6.28 14.38 22.25 17.59 44.61s5 32 23.87 35.18 64.09 1.89 91.1 1.26 25.76-25.76 3.15-28.27-38.27 3.52-61.86-1.7 21-12.13 54.94-7.1 49 6.28 67.23 4.4"
            fill="none"
            stroke="#263238"
            stroke-linecap="round"
            stroke-linejoin="round"
            stroke-width="2.513"
          />
          <path
            d="M153 305.1s18.31.14 23.33 19 6.91 45.24 7.54 66 1.26 38.33 25.13 43.35 88.59 3.14 106.18-.63 37.07-20.73 22.62-24.5-34.56 0-27 5 27.65 3.77 51.52.63"
            fill="none"
            stroke="#263238"
            stroke-linecap="round"
            stroke-linejoin="round"
            stroke-width="2.513"
          />
          <path
            d="M156.76 370.69s11.19-1 15.56 11.67-1 15.56 1.46 21.88 17.78.42 17.71 5.66c-.07 4.78-6.13 6.13-41.05 4.07-45.66-2.69-75.87 4.38-73.44 8.76s38.91 1 30.15 7.78-30.15-1-46.69-1.46-19.46 3.4-19.46 3.4"
            fill="none"
            stroke="#263238"
            stroke-linecap="round"
            stroke-linejoin="round"
            stroke-width="2.513"
          />
          <rect
            fill="#263238"
            height="215.4"
            rx="3.56"
            stroke="#263238"
            stroke-linecap="round"
            stroke-linejoin="round"
            stroke-width="1.257"
            width="117.06"
            x="44.61"
            y="192.05"
          />
          <path
            d="M47.41 224.31h111.41v82.51H47.41zM47.41 320.23h111.41v82.51H47.41z"
            fill="#616161"
          />
          <path
            d="M81.75 330.28H145v64.5H81.75zM81.75 233.53H145v15.92H81.75zM81.75 264.1H145v15.92H81.75z"
            fill="#90caf9"
            stroke="#263238"
            stroke-linecap="round"
            stroke-linejoin="round"
            stroke-width="1.257"
          />
          <path
            d="M142.88 226.16l-1.22 3.35H85.63l-1.22-3.35H72.54v14.72h11.87l1.22-3.35h56.03l1.22 3.35h13.44v-14.72h-13.44zM142.88 242.22l-1.22 3.34H85.63l-1.22-3.34H72.54v14.71h11.87l1.22-3.34h56.03l1.22 3.34h13.44v-14.71h-13.44zM142.88 258.27l-1.22 3.35H85.63l-1.22-3.35H72.54v14.72h11.87l1.22-3.35h56.03l1.22 3.35h13.44v-14.72h-13.44zM142.88 274.32l-1.22 3.35H85.63l-1.22-3.35H72.54v14.72h11.87l1.22-3.34h56.03l1.22 3.34h13.44v-14.72h-13.44zM142.88 290.38l-1.22 3.34H85.63l-1.22-3.34H72.54v14.72h11.87l1.22-3.35h56.03l1.22 3.35h13.44v-14.72h-13.44zM142.88 322.49l-1.22 3.34H85.63l-1.22-3.34H72.54v14.71h11.87l1.22-3.34h56.03l1.22 3.34h13.44v-14.71h-13.44zM142.88 338.54l-1.22 3.35H85.63l-1.22-3.35H72.54v14.72h11.87l1.22-3.34h56.03l1.22 3.34h13.44v-14.72h-13.44zM142.88 354.6l-1.22 3.34H85.63l-1.22-3.34H72.54v14.71h11.87l1.22-3.34h56.03l1.22 3.34h13.44V354.6h-13.44zM142.88 370.65l-1.22 3.35H85.63l-1.22-3.35H72.54v14.72h11.87l1.22-3.35h56.03l1.22 3.35h13.44v-14.72h-13.44zM142.88 386.71l-1.22 3.34H85.63l-1.22-3.34H72.54v14.71h11.87l1.22-3.34h56.03l1.22 3.34h13.44v-14.71h-13.44z"
            fill="#263238"
            stroke="#263238"
            stroke-linecap="round"
            stroke-linejoin="round"
            stroke-width="1.257"
          />
          <path
            d="M49.65 309.39H156.3v10.05H49.65z"
            fill="#fff"
          />
          <path
            d="M58.65 314.31a2.81 2.81 0 1 0-2.81 2.81 2.81 2.81 0 0 0 2.81-2.81z"
            fill="#263238"
            stroke="#263238"
            stroke-linecap="round"
            stroke-linejoin="round"
            stroke-width="1.257"
          />
          <circle
            cx="65.2"
            cy="314.31"
            fill="#90caf9"
            r="2.81"
            stroke="#263238"
            stroke-linecap="round"
            stroke-linejoin="round"
            stroke-width="1.257"
          />
          <path
            d="M77.37 314.31a2.81 2.81 0 1 0-2.81 2.81 2.81 2.81 0 0 0 2.81-2.81z"
            fill="#263238"
            stroke="#263238"
            stroke-linecap="round"
            stroke-linejoin="round"
            stroke-width="1.257"
          />
          <path
            d="M49.65 213.06H156.3v10.05H49.65z"
            fill="#fff"
          />
          <path
            d="M58.65 218a2.81 2.81 0 1 0-2.81 2.81 2.81 2.81 0 0 0 2.81-2.81z"
            fill="#fff"
            stroke="#263238"
            stroke-linecap="round"
            stroke-linejoin="round"
            stroke-width="1.257"
          />
          <path
            d="M68 218a2.81 2.81 0 1 0-2.81 2.81A2.81 2.81 0 0 0 68 218z"
            fill="#90caf9"
            stroke="#263238"
            stroke-linecap="round"
            stroke-linejoin="round"
            stroke-width="1.257"
          />
          <path
            d="M77.37 218a2.81 2.81 0 1 0-2.81 2.81 2.81 2.81 0 0 0 2.81-2.81z"
            fill="#fff"
            stroke="#263238"
            stroke-linecap="round"
            stroke-linejoin="round"
            stroke-width="1.257"
          />
          <path
            d="M49.65 200.13H156.3v10.05H49.65z"
            fill="#fff"
          />
          <path
            d="M58.65 205.05a2.81 2.81 0 1 0-2.81 2.81 2.81 2.81 0 0 0 2.81-2.81z"
            fill="#90caf9"
            stroke="#263238"
            stroke-linecap="round"
            stroke-linejoin="round"
            stroke-width="1.257"
          />
          <path
            d="M68 205.05a2.81 2.81 0 1 0-2.81 2.81 2.81 2.81 0 0 0 2.81-2.81zM77.37 205.05a2.81 2.81 0 1 0-2.81 2.81 2.81 2.81 0 0 0 2.81-2.81zM49.92 226.41h17.59v7.54H49.92zM49.92 242.74h17.59v7.54H49.92z"
            fill="#263238"
            stroke="#263238"
            stroke-linecap="round"
            stroke-linejoin="round"
            stroke-width="1.257"
          />
          <path
            d="M49.92 259.08h17.59v7.54H49.92zM49.92 275.41h17.59v7.54H49.92zM49.92 291.75h17.59v7.54H49.92zM49.92 322.32h17.59v7.54H49.92z"
            fill="#90caf9"
            stroke="#263238"
            stroke-linecap="round"
            stroke-linejoin="round"
            stroke-width="1.257"
          />
          <path
            d="M49.92 338.66h17.59v7.54H49.92z"
            fill="#263238"
            stroke="#263238"
            stroke-linecap="round"
            stroke-linejoin="round"
            stroke-width="1.257"
          />
          <path
            d="M49.92 354.99h17.59v7.54H49.92z"
            fill="#90caf9"
            stroke="#263238"
            stroke-linecap="round"
            stroke-linejoin="round"
            stroke-width="1.257"
          />
          <path
            d="M49.92 371.33h17.59v7.54H49.92z"
            fill="#263238"
            stroke="#263238"
            stroke-linecap="round"
            stroke-linejoin="round"
            stroke-width="1.257"
          />
          <path
            d="M49.92 387.66h17.59v7.54H49.92z"
            fill="#90caf9"
            stroke="#263238"
            stroke-linecap="round"
            stroke-linejoin="round"
            stroke-width="1.257"
          />
        </g>
        <g>
          <path
            d="M214.84 146.36s-16.86 4.29-21.54 10.7-23.65 50-23.65 50-6.15 6.9.5 13.55 19.95 9.11 24.88 3.2 12.06-33.75 13.05-36.95 8.37-30.3 9.11-31.77 1.45-7.85-2.35-8.73z"
            fill="#bdbdbd"
            stroke="#263238"
            stroke-linecap="round"
            stroke-linejoin="round"
            stroke-width="1.257"
          />
          <path
            d="M214.84 146.36s-16.86 4.29-21.54 10.7c-2.83 3.87-10.89 21.37-16.82 34.58 2.88-.58 14.88-2.36 28.93 4.72 1.35-4.72 2.35-8.45 2.67-9.5 1-3.2 8.37-30.3 9.11-31.77s1.45-7.85-2.35-8.73z"
            fill="#263238"
            stroke="#263238"
            stroke-linecap="round"
            stroke-linejoin="round"
            stroke-width="1.257"
          />
          <path
            d="M264.24 89.57a16.14 16.14 0 0 1 6.65 7.14c2 4.68 2 11.82 2 11.82s31.53-1 43.6-1.23 20.2 2.71 20.44 8.62-2.46 17.49-9.11 21.92-27.34-2.71-37.93-5.66-14.29-2-21.92-3-9.86-3.94-11.09-8.62 1.23-13.55 1.23-20.69-1.01-11.78 6.13-10.3z"
            fill="#bdbdbd"
            stroke="#263238"
            stroke-linecap="round"
            stroke-linejoin="round"
            stroke-width="1.257"
          />
          <path
            d="M310.3 119.86s-4.43 11.33-12.56 17.49c-5.83 4.42-13.7 6.94-17.67 8-14.21-4-34.27-5.88-46-3.28 0 0-16.38 3.92-19.23 4.28s-9.62 23.15-11.05 38.82 3.21 54.5 3.21 57.35 1.78 50.23 4.63 63.41 6.06 31 6.41 33.48 2.85 21 2.85 27.07-2.89 20.67-2.89 20.67-12.82 8.55-17.81 13.53 3.67 10.24 10 11.4c10.74 2 23.5-8.55 23.5-8.55l14.31-5.69c3.79-1.52 4.91-5.59 5-9.24l.66-26.38q3.36 14 5.52 28.29c.58 3.9 1.18 8 3.53 11.15a15.18 15.18 0 0 0 4.94 4.39c1.42.66 2.93.52 4.36 1.34 2.63 1.52 3.71 4.8 6.26 6.45a33.51 33.51 0 0 0 18.17 4.65s14.24.72 15-7.12-18.53-20.66-18.53-20.66-2.85-52-5-69.1-7.84-44.88-7.84-57 5.7-69.11 5.7-69.11.58-1.5 1.47-3.94l.94-.52c8.13-4.68 30.79-22.91 38.18-34.49 7.08-11.08 9.64-31.87 9.84-37.95"
            fill="#bdbdbd"
            stroke="#263238"
            stroke-linecap="round"
            stroke-linejoin="round"
            stroke-width="1.257"
          />
          <path
            d="M311.37 411.37c.71-7.84-18.53-20.66-18.53-20.66s-.22-4-.58-10.15a143.77 143.77 0 0 1-34.08 4q.51 3 1 6c.58 3.9 1.18 8 3.53 11.15a15.18 15.18 0 0 0 4.94 4.39c1.42.66 2.93.52 4.36 1.34 2.63 1.52 3.71 4.8 6.26 6.45a33.51 33.51 0 0 0 18.17 4.65s14.21.67 14.93-7.17zM248 397.84c3.79-1.52 4.91-5.59 5-9.24 0-1.38.07-2.76.1-4.14a157.47 157.47 0 0 1-33.69-4.82c-.68 4.16-1.34 7.51-1.34 7.51s-12.82 8.55-17.81 13.53 3.67 10.24 10 11.4c10.74 2 23.5-8.55 23.5-8.55z"
            fill="#263238"
            stroke="#263238"
            stroke-linecap="round"
            stroke-linejoin="round"
            stroke-width="1.257"
          />
          <path
            d="M311.37 411.37v-.35a24.49 24.49 0 0 1-10.61 4.3c-11.26 2-21.52-3.75-24.27-6.25s-4.5-4.51-8.76-7.26-8.11-9.52-8.11-9.52l-.16.25c.53 3.25 1.27 6.5 3.22 9.12a15.18 15.18 0 0 0 4.94 4.39c1.42.66 2.93.52 4.36 1.34 2.63 1.52 3.71 4.8 6.26 6.45a33.51 33.51 0 0 0 18.17 4.65s14.24.72 14.96-7.12zM248 397.84c3.31-1.33 4.58-4.59 4.92-7.82-3.28 2-10.86 6.37-15.67 8.29-6.25 2.5-10.51 10-22.76 10-8.74 0-13.53-3.42-15.56-5.39-1.08 4.22 6 8.17 11.32 9.16 10.74 2 23.5-8.55 23.5-8.55z"
            fill="#fff"
            stroke="#263238"
            stroke-linecap="round"
            stroke-linejoin="round"
            stroke-width="1.257"
          />
          <path
            d="M294.23 139.67a61.36 61.36 0 0 1-14.16 5.69c-14.21-4-34.27-5.88-46-3.28 0 0-16.38 3.92-19.23 4.28s-9.62 23.15-11.05 38.82c-.88 9.68.55 28.16 1.77 41.57 29.69 10.88 61.35 7.15 76.83 4.19 1.56-17.76 3.33-35.43 3.33-35.43s.58-1.5 1.47-3.94l.94-.52c5.53-3.18 17.75-12.61 27.34-22-19.25-5.55-21.58-20.73-21.24-29.38z"
            fill="#263238"
            stroke="#263238"
            stroke-linecap="round"
            stroke-linejoin="round"
            stroke-width="1.257"
          />
          <path
            d="M266.63 156.66a19 19 0 0 0-8.1-15.19c-9.1-.88-18-.82-24.46.61 0 0-4.53 1.09-9.24 2.16a18.35 18.35 0 0 0-5 12.42c0 11.11 10.48 20.12 23.4 20.12s23.4-9.01 23.4-20.12z"
            fill="#616161"
            stroke="#263238"
            stroke-linecap="round"
            stroke-linejoin="round"
            stroke-width="1.257"
          />
          <path
            d="M259.62 392.29a42.6 42.6 0 0 0 16.66 2.34c12.29-.53 16.56-3.92 16.56-3.92s-2.85-52-5-69.1-7.84-44.88-7.84-57c0-7.14 2-29.87 3.61-47.33l-.77.09a14.35 14.35 0 0 1-16-14.68l.34-11.37a148.24 148.24 0 0 1-27.79-.8c-16.56-1.87-33.66-7.48-33.66-7.48l-1.8.55c0 .53-.11 1.06-.16 1.58-1.42 15.68 3.21 54.5 3.21 57.35s1.78 50.23 4.63 63.41 6.06 31 6.41 33.48 2.85 21 2.85 27.07-2.74 20.12-2.84 20.64c2.14.66 6.62 2 14.69 4.29 12.28 3.48 20.21-.71 20.21-.71 0-4.27.71-28.49.71-28.49s4.52 20.5 5.98 30.08z"
            fill="#fff"
            stroke="#263238"
            stroke-linecap="round"
            stroke-linejoin="round"
            stroke-width="1.257"
          />
          <path
            d="M218.93 198.05l31.99 5.26v19.72l-17.97 17.98-14.46-17.54.44-25.42zM242 308.94c-2.31-13-4-25.84-4-35.06l-12.82-8.55M253.66 362.22s-5.4-20.87-9.86-43.73M263.19 251.73a13.31 13.31 0 0 0 1.32 3.3c3.95 7 9.64 7.89 9.64 7.89l.88-18.41M264.51 241a15.67 15.67 0 0 0-1.45 4.21M280.22 297c.46 2.43.93 4.82 1.39 7.1M274.15 262.92s2.26 13.51 4.87 27.67"
            fill="none"
            stroke="#263238"
            stroke-linecap="round"
            stroke-linejoin="round"
            stroke-width="1.257"
          />
          <path
            d="M232 134.5l-.2 10.5s-3.62 2.9-4.34 10.5 6.52 14.67 14.66 14.67 15.21-6.34 16.48-12.13-.37-14.12-.37-14.12l-.54-12.67s-8 5.06-15.57 3.62-9.77-4.17-9.77-4.17zM226.31 107.1s-.49 6 .81 7.47 3.09 2.6 3.42 1.3.48-8.12.81-9.58-4.88-3.29-5.04.81z"
            fill="#bdbdbd"
            stroke="#263238"
            stroke-linecap="round"
            stroke-linejoin="round"
            stroke-width="1.257"
          />
          <path
            d="M229.49 107S228 119 228 124.81s-2.25 8 5 11.78 13.53 4.26 18.54 2.5 7.77-6 8-9.52.25-9 .25-9 7-6.26 5.52-11-4.76 1.25-4.76 1.25a38.69 38.69 0 0 0 2-12.78c-.25-6.52-5.26-7.27-7.27-7.27S241 87 235.25 90.72 229.49 107 229.49 107z"
            fill="#bdbdbd"
            stroke="#263238"
            stroke-linecap="round"
            stroke-linejoin="round"
            stroke-width="1.257"
          />
          <path
            d="M260.57 110.77a38.69 38.69 0 0 0 2-12.78c-.25-6.52-5.26-7.27-7.27-7.27h-.13c-1.06 1.78-2.37 4.52-2.37 4.52l1 .5s-1 5.52 1 6.27 1 2.5 1 5.51 1.76 5.26 2.76 5.26c.79 0 2-2 2.54-2.87-.33.48-.53.86-.53.86z"
            fill="#263238"
            stroke="#263238"
            stroke-linecap="round"
            stroke-linejoin="round"
            stroke-width="1.257"
          />
          <path
            d="M240.77 111.49s-2.11 1.94-1.14 3.41 4.55 2.27 5.53.48a3 3 0 0 0-.65-3.73"
            fill="none"
            stroke="#263238"
            stroke-linecap="round"
            stroke-linejoin="round"
            stroke-width="1.257"
          />
          <path
            d="M238.5 109.54c0 1-.4 1.78-.9 1.78s-.89-.8-.89-1.78.4-1.79.89-1.79.9.8.9 1.79zM249.3 110c0 1-.4 1.79-.89 1.79s-.9-.8-.9-1.79.4-1.78.9-1.78.89.78.89 1.78z"
            fill="#263238"
          />
          <path
            d="M246.62 105.15s3.41-2.28 6.66 1.3"
            fill="none"
            stroke="#263238"
            stroke-linecap="round"
            stroke-linejoin="round"
            stroke-width="1.257"
          />
          <path
            d="M241.44 121.14a3.39 3.39 0 0 0-2.78-.12 2.87 2.87 0 0 0-1.62 1.74s-2.08 1.67.11 2.4 7 .68 8.21.63a1.87 1.87 0 0 0 1.6-2.07 1.12 1.12 0 0 0-.51-1 4 4 0 0 0-5.01-1.58z"
            fill="#666"
            stroke="#263238"
            stroke-linecap="round"
            stroke-linejoin="round"
            stroke-width=".923"
          />
          <path
            d="M236.57 123.39a23.55 23.55 0 0 1 10.09.6"
            fill="none"
            stroke="#263238"
            stroke-linecap="round"
            stroke-linejoin="round"
            stroke-width="1.073"
          />
          <path
            d="M225.23 93.23L252.05 97s11.27-3 12.28-5.26-2.76-13.53-4.77-16.29-21.3 2-27.32 3S221.72 80.94 222 84s3.23 9.23 3.23 9.23z"
            fill="#90caf9"
            stroke="#263238"
            stroke-linecap="round"
            stroke-linejoin="round"
            stroke-width="1.257"
          />
          <path
            d="M225.23 93.23s-15.29 12.53-15.54 13.77 22.3 1.75 29.32.25 13-10.28 13-10.28z"
            fill="#fff"
            stroke="#263238"
            stroke-linecap="round"
            stroke-linejoin="round"
            stroke-width="1.257"
          />
          <path
            d="M208.52 259.36l42-24.63a8.28 8.28 0 0 0 12.91-8.95l-8.77 5.13-2-3.45 8.78-5.14a8.28 8.28 0 0 0-14.13 6.88l-42.05 24.63a8.28 8.28 0 0 0-12.91 8.95l8.54-5 2 3.46-8.54 5a8.27 8.27 0 0 0 14.12-6.88z"
            fill="#90caf9"
            stroke="#263238"
            stroke-linecap="round"
            stroke-linejoin="round"
            stroke-width="1.257"
          />
          <path
            d="M244.29 241.05s5.17 3.7 5.17 7.14-6.16 7.15-10.34 7.39-4.93-4.43-4.19-6.89 9.36-7.64 9.36-7.64z"
            fill="#bdbdbd"
            stroke="#263238"
            stroke-linecap="round"
            stroke-linejoin="round"
            stroke-width="1.257"
          />
          <path
            d="M190.1 210.26s28.57 16 32.51 15.52 9.36-3.94 12.32-3 11.08 13.55 11.82 15.77-5.91 10.1-7.39 11.33-6.16 6.16-7.14 6.65-7.39 6.16-10.59 6.16-8.62-2.47-9.12-3.7.74-2.95.74-2.95l-15-6.9s-28.58-15.52-33.5-23.4 7.39-21.92 7.39-21.92"
            fill="#bdbdbd"
            stroke="#263238"
            stroke-linecap="round"
            stroke-linejoin="round"
            stroke-width="1.257"
          />
          <path
            d="M223.11 248.93a4 4 0 0 1 3.44 3.45c.5 3.2-.74 8.87-.74 8.87M228.77 244.25s3.45.25 3.45 3.45v8.87M232.47 235.39s6.4 4.68 6.89 7.39a31.36 31.36 0 0 1 0 7.14"
            fill="none"
            stroke="#263238"
            stroke-linecap="round"
            stroke-linejoin="round"
            stroke-width="1.257"
          />
          <path
            d="M261 218.5c1.44 0 5.25-9.54 5.25-13.12s1.67-29.81 5.49-42c2.74-8.73 5.1-15.47 6.22-18.6-2.91-.74-6-1.4-9.22-2-1.91 5.79-7.74 23.86-10.12 35.35-2.86 13.83-2.15 30.29-1.91 31.72s2.88 8.65 4.29 8.65z"
            fill="#fff"
            stroke="#263238"
            stroke-linecap="round"
            stroke-linejoin="round"
            stroke-width="1.257"
          />
          <rect
            fill="#fff"
            height="9.06"
            rx="1.23"
            stroke="#263238"
            stroke-linecap="round"
            stroke-linejoin="round"
            stroke-width="1.257"
            transform="rotate(8.1 266.653 193.488)"
            width="10.73"
            x="256.25"
            y="189.64"
          />
          <rect
            fill="#fff"
            height="5.69"
            rx="1.23"
            stroke="#263238"
            stroke-linecap="round"
            stroke-linejoin="round"
            stroke-width="1.257"
            transform="rotate(7.56 261.604 194.171)"
            width="6.73"
            x="258.25"
            y="191.33"
          />
          <path
            d="M207.59 214.92c1.44 0 5.25-9.54 5.25-13.12s1.67-29.81 5.49-42c2.42-7.72 4.07-12.65 5-15.22-3.73.84-7.27 1.61-8.45 1.76-.88.11-2.12 2.34-3.47 5.82-1.58 4.9-3.51 11.27-5 17.48a128.67 128.67 0 0 0-2.55 15.52 132 132 0 0 0-.07 15.73q0 .27.06.42c.15 1.45 2.31 13.61 3.74 13.61z"
            fill="#fff"
            stroke="#263238"
            stroke-linecap="round"
            stroke-linejoin="round"
            stroke-width="1.257"
          />
          <rect
            fill="#fff"
            height="9.06"
            rx="1.23"
            stroke="#263238"
            stroke-linecap="round"
            stroke-linejoin="round"
            stroke-width="1.257"
            transform="rotate(6.09 208.45 186.856)"
            width="10.73"
            x="203.06"
            y="182.25"
          />
          <rect
            fill="#fff"
            height="5.69"
            rx="1.23"
            stroke="#263238"
            stroke-linecap="round"
            stroke-linejoin="round"
            stroke-width="1.257"
            transform="rotate(6.09 208.445 186.762)"
            width="6.73"
            x="205.06"
            y="183.93"
          />
        </g>
      </svg>
    </svg>
    <button
      class="sc-1k2druj-0 FRzVX"
      edges="square"
      type="button"
      variant="solid"
    >
      <span
        class="sc-1ntgl3l-0 cLLOQu"
        textalign="initial"
        textcolor="inherit"
        textvariant="button2"
      >
        Try Again
      </span>
    </button>
  </div>
</div>
`;
