// Jest Snapshot v1, https://goo.gl/fbAQLP

exports[`Bulk Import component should take snapshot 1`] = `
<div>
  <main
    class="sc-1ehavxz-0 dDyhBJ"
  >
    <div
      class="sc-h70dbj-0 fQmYvl row expanded space-between align-center marginBottom-2"
    >
      <div
        class="sc-w8e7z6-2"
      >
        <h3
          class="sc-1ntgl3l-0 kcLBOi sc-w8e7z6-0 ibnmt"
          textalign="initial"
          textcolor="inherit"
          textvariant="h3"
          textweight="Medium"
        >
          Bulk Import
        </h3>
      </div>
    </div>
    <div
      class="sc-1q0dwkj-0 qUUwq"
    >
      <div
        class="sc-1q0dwkj-1 exGPty"
      >
        <div
          class="sc-1q0dwkj-2 beftPL"
        >
          <div
            class="sc-1q0dwkj-3 ebuXfU"
          >
            <h4
              class="sc-1ntgl3l-0 jPeJxZ"
              textalign="initial"
              textcolor="inherit"
              textvariant="h4"
              textweight="Medium"
            >
              Steps To Bulk Import Employees
            </h4>
            <div
              class="sc-1q0dwkj-4 dlzysz"
            >
              <svg
                class="sc-1pf3x8a-0 klDMsE"
                fill="none"
                height="1em"
                viewBox="0 0 24 24"
                width="1em"
                xmlns="http://www.w3.org/2000/svg"
              >
                <path
                  clip-rule="evenodd"
                  d="M21.505 5.994l-9.88 9.88-3.48-3.47a.996.996 0 0 0-1.41 0 .996.996 0 0 0 0 1.41l4.18 4.18c.39.39 1.02.39 1.41 0l10.59-10.58a.996.996 0 0 0 0-1.41h-.01a.975.975 0 0 0-1.4-.01zm-4.24.01a.996.996 0 0 0-1.41 0l-5.64 5.64 1.41 1.41 5.64-5.65c.38-.38.38-1.02 0-1.4zm-12 12l-4.18-4.18c-.39-.39-.39-1.03 0-1.42a.996.996 0 0 1 1.41 0l4.88 4.9-.7.7a.996.996 0 0 1-1.41 0z"
                  fill="#000"
                  fill-opacity=".54"
                  fill-rule="evenodd"
                />
              </svg>
              <span
                class="sc-1ntgl3l-0 dhgrkE"
                textalign="initial"
                textcolor="inherit"
                textvariant="body1"
                textweight="Regular"
              >
                Make sure at least 1 employee with a Manager role is manually added to the application.
              </span>
            </div>
            <div
              class="sc-1q0dwkj-4 dlzysz"
            >
              <svg
                class="sc-1pf3x8a-0 klDMsE"
                fill="none"
                height="1em"
                viewBox="0 0 24 24"
                width="1em"
                xmlns="http://www.w3.org/2000/svg"
              >
                <path
                  clip-rule="evenodd"
                  d="M15 9.5h1.59c.89 0 1.33 1.08.7 1.71L12.7 15.8a.996.996 0 0 1-1.41 0L6.7 11.21c-.63-.63-.18-1.71.71-1.71H9v-5c0-.55.45-1 1-1h4c.55 0 1 .45 1 1v5zm-9 11c-.55 0-1-.45-1-1s.45-1 1-1h12c.55 0 1 .45 1 1s-.45 1-1 1H6z"
                  fill="#000"
                  fill-opacity=".54"
                  fill-rule="evenodd"
                />
              </svg>
              <span
                class="sc-1ntgl3l-0 dhgrkE"
                textalign="initial"
                textcolor="inherit"
                textvariant="body1"
                textweight="Regular"
              >
                Download the CSV template.
              </span>
            </div>
            <div
              class="sc-1q0dwkj-4 dlzysz"
            >
              <svg
                class="sc-1pf3x8a-0 klDMsE"
                fill="none"
                height="1em"
                viewBox="0 0 24 24"
                width="1em"
                xmlns="http://www.w3.org/2000/svg"
              >
                <path
                  clip-rule="evenodd"
                  d="M10.99 8c0 1.66-1.33 3-2.99 3-1.66 0-3-1.34-3-3s1.34-3 3-3 2.99 1.34 2.99 3zm8 0c0 1.66-1.33 3-2.99 3-1.66 0-3-1.34-3-3s1.34-3 3-3 2.99 1.34 2.99 3zM8 13c-2.33 0-7 1.17-7 3.5V18c0 .55.45 1 1 1h12c.55 0 1-.45 1-1v-1.5c0-2.33-4.67-3.5-7-3.5zm7.03.05c.35-.03.68-.05.97-.05 2.33 0 7 1.17 7 3.5V18c0 .55-.45 1-1 1h-5.18c.11-.31.18-.65.18-1v-1.5c0-1.47-.79-2.58-1.93-3.41a.12.12 0 0 1-.01-.011.092.092 0 0 0-.03-.029z"
                  fill="#000"
                  fill-opacity=".54"
                  fill-rule="evenodd"
                />
              </svg>
              <span
                class="sc-1ntgl3l-0 dhgrkE"
                textalign="initial"
                textcolor="inherit"
                textvariant="body1"
                textweight="Regular"
              >
                Start adding employees to the CSV template:
                <ul
                  class="sc-1q0dwkj-15 lbKKyb"
                >
                  <li
                    class="sc-1q0dwkj-16 edaEkd"
                  >
                    While adding the employees, make sure employees with Manager roles are added first. 
                  </li>
                  <li
                    class="sc-1q0dwkj-16 edaEkd"
                  >
                    Enter valid data for all the employees 
                  </li>
                  <li
                    class="sc-1q0dwkj-16 edaEkd"
                  >
                    You can set the status of the employee as Active by entering Y in the ‘Active’ column. 
                  </li>
                  <li
                    class="sc-1q0dwkj-16 edaEkd"
                  >
                    You can set the status of the employee as Inactive by entering N in the ‘Active’ column. 
                  </li>
                  <li
                    class="sc-1q0dwkj-16 edaEkd"
                  >
                    You can set the role according to the roles listed in the application (example: HR, Manager, Employee), in the ‘Role’ column depending on the different module/feature permissions you would like to give an employee.
                  </li>
                  <li
                    class="sc-1q0dwkj-16 edaEkd"
                  >
                    Maximum 500 employees can be added at a time. 
                  </li>
                  <li
                    class="sc-1q0dwkj-16 edaEkd"
                  >
                    Once you enter all the valid data, please save the CSV template. 
                  </li>
                </ul>
              </span>
            </div>
            <div
              class="sc-1q0dwkj-4 dlzysz"
            >
              <svg
                class="sc-1pf3x8a-0 klDMsE"
                fill="none"
                height="1em"
                viewBox="0 0 24 24"
                width="1em"
                xmlns="http://www.w3.org/2000/svg"
              >
                <path
                  clip-rule="evenodd"
                  d="M14 16.296h-4c-.55 0-1-.45-1-1v-5H7.41c-.89 0-1.33-1.08-.7-1.71l4.59-4.59a.996.996 0 0 1 1.41 0l4.59 4.59c.63.63.18 1.71-.71 1.71H15v5c0 .55-.45 1-1 1zm4 2H6c-.55 0-1 .45-1 1s.45 1 1 1h12c.55 0 1-.45 1-1s-.45-1-1-1z"
                  fill="#000"
                  fill-opacity=".54"
                  fill-rule="evenodd"
                />
              </svg>
              <span
                class="sc-1ntgl3l-0 dhgrkE"
                textalign="initial"
                textcolor="inherit"
                textvariant="body1"
                textweight="Regular"
              >
                Upload the CSV template.
              </span>
            </div>
            <div
              class="sc-1q0dwkj-4 dlzysz"
            >
              <svg
                class="sc-1pf3x8a-0 klDMsE"
                fill="none"
                height="1em"
                viewBox="0 0 24 24"
                width="1em"
                xmlns="http://www.w3.org/2000/svg"
              >
                <path
                  clip-rule="evenodd"
                  d="M8.551 6v3.74c-1.21-.81-2-2.18-2-3.74 0-2.49 2.01-4.5 4.5-4.5s4.5 2.01 4.5 4.5c0 1.56-.79 2.93-2 3.74V6a2.5 2.5 0 0 0-5 0zm4.61 6c.31 0 .61.07.89.21l4.08 2.03c.77.38 1.21 1.22 1.09 2.07l-.63 4.47c-.14.99-.98 1.72-1.98 1.72h-6.1c-.53 0-1.04-.21-1.42-.58l-4.01-4.01c-.43-.44-.43-1.14 0-1.58.27-.27.66-.39 1.03-.31l3.44.72V6c0-.83.67-1.5 1.5-1.5s1.5.67 1.5 1.5v6h.61z"
                  fill="#000"
                  fill-opacity=".54"
                  fill-rule="evenodd"
                />
              </svg>
              <span
                class="sc-1ntgl3l-0 dhgrkE"
                textalign="initial"
                textcolor="inherit"
                textvariant="body1"
                textweight="Regular"
              >
                Click on the Start Import button.
              </span>
            </div>
            <div
              class="sc-1q0dwkj-4 dlzysz"
            >
              <svg
                class="sc-1pf3x8a-0 klDMsE"
                fill="none"
                height="1em"
                viewBox="0 0 24 24"
                width="1em"
                xmlns="http://www.w3.org/2000/svg"
              >
                <path
                  clip-rule="evenodd"
                  d="M20 4H4c-1.1 0-1.99.9-1.99 2L2 18c0 1.1.9 2 2 2h16c1.1 0 2-.9 2-2V6c0-1.1-.9-2-2-2zm0 13c0 .55-.45 1-1 1H5c-.55 0-1-.45-1-1V8l6.94 4.34c.65.41 1.47.41 2.12 0L20 8v9zM4 6l8 5 8-5H4z"
                  fill="#000"
                  fill-opacity=".54"
                  fill-rule="evenodd"
                />
              </svg>
              <span
                class="sc-1ntgl3l-0 dhgrkE"
                textalign="initial"
                textcolor="inherit"
                textvariant="body1"
                textweight="Regular"
              >
                Auto generated Invitation Email will be sent to employees.
              </span>
            </div>
          </div>
        </div>
        <div
          class="sc-1q0dwkj-6 cssxYE"
        >
          <div
            class="sc-1q0dwkj-4 dlzysz"
          >
            <button
              class="sc-1k2druj-0 dsEKPA"
              data-testid="templateDownload"
              edges="square"
              type="button"
              variant="outlined"
            >
              <svg
                class="sc-1pf3x8a-0 klDMsE"
                fill="none"
                height="1em"
                viewBox="0 0 24 24"
                width="1em"
                xmlns="http://www.w3.org/2000/svg"
              >
                <path
                  clip-rule="evenodd"
                  d="M15 9.5h1.59c.89 0 1.33 1.08.7 1.71L12.7 15.8a.996.996 0 0 1-1.41 0L6.7 11.21c-.63-.63-.18-1.71.71-1.71H9v-5c0-.55.45-1 1-1h4c.55 0 1 .45 1 1v5zm-9 11c-.55 0-1-.45-1-1s.45-1 1-1h12c.55 0 1 .45 1 1s-.45 1-1 1H6z"
                  fill="#000"
                  fill-opacity=".54"
                  fill-rule="evenodd"
                />
              </svg>
              <span
                class="sc-1ntgl3l-0 eOsHHD"
                textalign="initial"
                textcolor="inherit"
                textvariant="button1"
              >
                Download csv template
              </span>
            </button>
          </div>
          <div
            class="sc-1q0dwkj-7 gHQAIr"
          >
            <div
              class="sc-1q0dwkj-8 bSYzhS"
              role="presentation"
              tabindex="0"
            >
              <img
                alt="upload"
                class="sc-1q0dwkj-12 hKliqI"
                src="[object Object]"
              />
              <label
                class="sc-1q0dwkj-10 bTRaqw"
                id="button"
              >
                 Drop File or Upload File here.
              </label>
              <input
                accept="text/csv,.csv"
                class="sc-1q0dwkj-9 hdfMmW"
                data-testid="dropZone"
                multiple=""
                style="border: 0px; clip: rect(0px, 0px, 0px, 0px); clip-path: inset(50%); height: 1px; margin: 0px -1px -1px 0px; overflow: hidden; padding: 0px; position: absolute; width: 1px; white-space: nowrap;"
                tabindex="-1"
                type="file"
              />
            </div>
            
            <button
              class="sc-1k2druj-0 eLgfbc"
              data-testid="importBtn"
              disabled=""
              edges="square"
              type="button"
              variant="solid"
            >
              <span
                class="sc-1ntgl3l-0 eOsHHD"
                textalign="initial"
                textcolor="inherit"
                textvariant="button1"
              >
                Start Import
              </span>
            </button>
            <em>
              (Only .csv file will be accepted)
            </em>
          </div>
        </div>
      </div>
    </div>
  </main>
</div>
`;
