// Jest Snapshot v1, https://goo.gl/fbAQLP

exports[`IframeVideo should match snapshot 1`] = `
<div>
  <iframe
    allow="accelerometer; autoplay; clipboard-write; encrypted-media;"
    allowfullscreen=""
    loading="lazy"
    referrerpolicy="strict-origin-when-cross-origin"
    src="https://www.youtube.com/embed/dQw4w9WgXcQ/?controls=1&autoplay=1&rel=0"
    style="border-radius: 10px; width: 100%; height: 100%; min-height: 0; min-width: 0;"
    title="YouTube video"
  />
</div>
`;
