// Jest Snapshot v1, https://goo.gl/fbAQLP

exports[`FirstTeam Component should take snapshot 1`] = `
<div>
  <div
    data-testid="mock-navigate"
  >
    Navigate component
  </div>
</div>
`;
