// Jest Snapshot v1, https://goo.gl/fbAQLP

exports[`Employee Feedback should render properly 1`] = `
<div>
  <main
    class="sc-1ehavxz-0 dDyhBJ"
  >
    <div
      class="sc-h70dbj-0 fQmYvl row expanded space-between align-center marginBottom-2"
    >
      <div
        class="sc-w8e7z6-2"
      >
        <h3
          class="sc-1ntgl3l-0 kcLBOi sc-w8e7z6-0 ibnmt"
          textalign="initial"
          textcolor="inherit"
          textvariant="h3"
          textweight="Medium"
        >
          Feedback
        </h3>
      </div>
    </div>
    <div
      class="sc-r36uql-0 kCYWST"
    >
      <div
        class="sc-1cnun24-0 irVHrL sc-tkiih6-15 cvCOyL"
        maxwidth="100%"
        minwidth="25rem"
      >
        <input
          class="sc-9l9lu7-0 lfgaXg"
          data-testid="search-employee"
          placeholder="Search Employee"
          value=""
        />
        <span
          class="sc-1lts63a-1 lckNMu"
        >
          <svg
            class="sc-1pf3x8a-0 ivKmVS"
            fill="none"
            height="1em"
            title="search icon"
            viewBox="0 0 20 20"
            width="1em"
            xmlns="http://www.w3.org/2000/svg"
          >
            <path
              clip-rule="evenodd"
              d="M9.063 3.125a5.938 5.938 0 1 0 0 11.875 5.938 5.938 0 0 0 0-11.875zM1.875 9.063a7.187 7.187 0 1 1 12.692 4.621l3.375 3.374a.625.625 0 1 1-.884.884l-3.374-3.374A7.188 7.188 0 0 1 1.875 9.063z"
              fill="#606878"
              fill-rule="evenodd"
              stroke="#606878"
              stroke-linecap="round"
              stroke-linejoin="round"
              stroke-width=".3"
            />
          </svg>
        </span>
      </div>
      <div
        class="sc-18u9mah-3 kyunCi"
      >
        <div
          class="sc-1hcsztp-0 WJBGn sc-tkiih6-13 cecHDR"
          id="feedback type-wrapper"
          minwidth="20rem"
          variant="outlined"
        >
          <div
            class="sc-17d4s39-0 fGqzZg"
            id="feedback type-input-wrapper"
            minwidth="20rem"
          >
            <div
              class="sc-19px6zp-0 BrSGZ"
              filled="[object Object]"
              fusion="[object Object]"
              minrows="1"
              outlined="[object Object]"
              textvariant="[object Object]"
              variant="outlined"
            >
              <div
                class="sc-lhr232-0 btNOKw"
                variant="outlined"
              >
                <input
                  aria-describedby="feedback type-helper-text"
                  autocomplete="off"
                  class="sc-hb99wz-0 jaEbhp"
                  errortext=""
                  id="feedback type-input"
                  inputmode="none"
                  inputsize="M"
                  placeholder="Select Feedback Type"
                  type="text"
                  value=""
                  variant="outlined"
                />
                <label
                  class="sc-1du51u0-0 eMZrST"
                  for="feedback type-input"
                  inputwidth="0"
                  variant="outlined"
                >
                  Feedback Type
                </label>
              </div>
              <svg
                class="sc-1pf3x8a-0 klDMsE sc-dynlvq-0 bdmviR"
                fill="none"
                height="1em"
                viewBox="0 0 24 24"
                width="1em"
                xmlns="http://www.w3.org/2000/svg"
              >
                <path
                  d="M12.792 14.97a1 1 0 0 1-1.584 0l-3.165-4.11a1 1 0 0 1 .793-1.61h6.328a1 1 0 0 1 .793 1.61l-3.165 4.11z"
                  fill="#000"
                />
              </svg>
            </div>
            
          </div>
        </div>
        <div
          class="sc-18u9mah-2 kXETkJ"
        >
          <div
            class="sc-17d4s39-0 bVMFZm sc-18u9mah-1 fYEEB"
            data-testid="date-picker"
            id="medly-date-range-picker-wrapper"
            minwidth="33.8rem"
          >
            <div
              class="sc-19px6zp-0 sc-13bf4az-0 BrSGZ ensfuF"
              filled="[object Object]"
              fusion="[object Object]"
              id="medly-date-range-picker-textFields"
              outlined="[object Object]"
              textvariant="[object Object]"
              variant="outlined"
            >
              <svg
                class="sc-1pf3x8a-0 ivKmVS sc-6rsprq-0 lcrXdL"
                fill="none"
                height="1em"
                id="medly-date-range-picker-calendar-icon"
                title="medly-date-range-picker-calendar-icon"
                viewBox="0 0 24 24"
                width="1em"
                xmlns="http://www.w3.org/2000/svg"
              >
                <path
                  clip-rule="evenodd"
                  d="M19 4h-1V3c0-.55-.45-1-1-1s-1 .45-1 1v1H8V3c0-.55-.45-1-1-1s-1 .45-1 1v1H5c-1.11 0-1.99.9-1.99 2L3 20a2 2 0 0 0 2 2h14c1.1 0 2-.9 2-2V6c0-1.1-.9-2-2-2zm0 15c0 .55-.45 1-1 1H6c-.55 0-1-.45-1-1V9h14v10zM9 13v-2H7v2h2zm2-2h2v2h-2v-2zm6 2v-2h-2v2h2z"
                  fill="#000"
                  fill-opacity=".54"
                  fill-rule="evenodd"
                />
              </svg>
              <div
                class="sc-lhr232-0 btNOKw"
                id="medly-date-range-picker-startDate-input-wrapper"
                variant="outlined"
              >
                <input
                  autocomplete="off"
                  class="sc-hb99wz-0 jaEbhp"
                  errortext=""
                  id="medly-date-range-picker-startDate-input"
                  inputsize="M"
                  name="START_DATE"
                  pattern="\\d{2} - \\d{2} - \\d{4}"
                  placeholder="DD - MM - YYYY"
                  value=""
                  variant="outlined"
                />
                <span
                  class="sc-1r5xr2a-0 cOYtDY"
                  variant="outlined"
                >
                  DD - MM - YYYY
                </span>
                <label
                  class="sc-1du51u0-0 eMZrST"
                  for="medly-date-range-picker-startDate-input"
                  inputwidth="0"
                  variant="outlined"
                >
                  From
                </label>
              </div>
              <i
                class="sc-yb1wrg-0 fHdWbA"
                variant="outlined"
              />
              <div
                class="sc-lhr232-0 btNOKw"
                id="medly-date-range-picker-endDate-input-wrapper"
                variant="outlined"
              >
                <input
                  autocomplete="off"
                  class="sc-hb99wz-0 jaEbhp"
                  errortext=""
                  id="medly-date-range-picker-endDate-input"
                  inputsize="M"
                  name="END_DATE"
                  pattern="\\d{2} - \\d{2} - \\d{4}"
                  placeholder="DD - MM - YYYY"
                  value=""
                  variant="outlined"
                />
                <span
                  class="sc-1r5xr2a-0 cOYtDY"
                  variant="outlined"
                >
                  DD - MM - YYYY
                </span>
                <label
                  class="sc-1du51u0-0 eMZrST"
                  for="medly-date-range-picker-endDate-input"
                  inputwidth="0"
                  variant="outlined"
                >
                  To
                </label>
              </div>
            </div>
            <span
              class="sc-avlt8d-0 llxXA-d"
              id="medly-date-range-picker-helper-text"
              variant="outlined"
            />
          </div>
        </div>
      </div>
    </div>
    <div
      class="sc-8tbhpn-3"
    >
      <div
        class="sc-1msmxxr-0 iWEzjW"
      />
      <table
        actions=""
        class="sc-1msmxxr-1 jwFsPF sc-8tbhpn-2 kCDmJI"
        columns="[object Object],[object Object],[object Object],[object Object],[object Object],[object Object]"
        defaultactivepage="1"
        defaultsortorder="desc"
        itemsperpage="10"
        rowclickdisablekey=""
        tabindex="-1"
        totalitems="0"
      >
        <thead
          class="sc-uxzsxp-0 haNltq"
        >
          <tr
            class="sc-1jr91bg-0 hJzMcO"
            gridtemplatecolumns=" minmax(100px, 0.2fr) minmax(100px, 0.4fr) minmax(100px, 1fr) minmax(100px, 0.4fr) minmax(100px, 0.3fr) minmax(100px, 0.2fr)"
            style="grid-template-columns: minmax(100px, 0.2fr) minmax(100px, 0.4fr) minmax(100px, 1fr) minmax(100px, 0.4fr) minmax(100px, 0.3fr) minmax(100px, 0.2fr);"
          >
            <th
              class="sc-hjmm4m-0 iOyNiA"
              tablesize="M"
            >
              <button
                class="sc-hjmm4m-2 kpjakb"
                tablesize="M"
              >
                <span
                  class="sc-1ntgl3l-0 ghpJwn"
                  textalign="initial"
                  textcolor="inherit"
                >
                  Date
                </span>
                <svg
                  class="sc-1pf3x8a-0 bMQNVa"
                  fill="none"
                  height="1em"
                  viewBox="0 0 24 24"
                  width="1em"
                  xmlns="http://www.w3.org/2000/svg"
                >
                  <path
                    d="M11.229 6.935a1 1 0 0 1 1.543 0l2.208 2.679a1 1 0 0 1-.77 1.636H9.79a1 1 0 0 1-.77-1.636l2.209-2.679zM12.771 17.065a1 1 0 0 1-1.543 0L9.02 14.386a1 1 0 0 1 .772-1.636h4.418a1 1 0 0 1 .771 1.636l-2.209 2.679z"
                    fill="#435465"
                  />
                </svg>
              </button>
              <span
                class="sc-hjmm4m-1 cuEDpa"
              />
            </th>
            <th
              class="sc-hjmm4m-0 iOyNiA"
              tablesize="M"
            >
              <button
                class="sc-hjmm4m-2 kpjakb"
                tablesize="M"
              >
                <span
                  class="sc-1ntgl3l-0 ghpJwn"
                  textalign="initial"
                  textcolor="inherit"
                >
                  Feedback From
                </span>
              </button>
              <span
                class="sc-hjmm4m-1 cuEDpa"
              />
            </th>
            <th
              class="sc-hjmm4m-0 iOyNiA"
              tablesize="M"
            >
              <button
                class="sc-hjmm4m-2 kpjakb"
                tablesize="M"
              >
                <span
                  class="sc-1ntgl3l-0 ghpJwn"
                  textalign="initial"
                  textcolor="inherit"
                >
                  Feedback
                </span>
              </button>
              <span
                class="sc-hjmm4m-1 cuEDpa"
              />
            </th>
            <th
              class="sc-hjmm4m-0 iOyNiA"
              tablesize="M"
            >
              <button
                class="sc-hjmm4m-2 kpjakb"
                tablesize="M"
              >
                <span
                  class="sc-1ntgl3l-0 ghpJwn"
                  textalign="initial"
                  textcolor="inherit"
                >
                  Feedback About
                </span>
              </button>
              <span
                class="sc-hjmm4m-1 cuEDpa"
              />
            </th>
            <th
              class="sc-hjmm4m-0 iOyNiA"
              tablesize="M"
            >
              <button
                class="sc-hjmm4m-2 kpjakb"
                tablesize="M"
              >
                <span
                  class="sc-1ntgl3l-0 ghpJwn"
                  textalign="initial"
                  textcolor="inherit"
                >
                  Feedback Type
                </span>
              </button>
              <span
                class="sc-hjmm4m-1 cuEDpa"
              />
            </th>
            <th
              class="sc-hjmm4m-0 iOyNiA"
              tablesize="M"
            >
              <button
                class="sc-hjmm4m-2 kpjakb"
                tablesize="M"
              >
                <span
                  class="sc-1ntgl3l-0 ghpJwn"
                  textalign="initial"
                  textcolor="inherit"
                >
                  Action
                </span>
              </button>
              <span
                class="sc-hjmm4m-1 cuEDpa"
              />
            </th>
          </tr>
        </thead>
        <tbody
          class="sc-c7cniy-0 kShdfA"
        >
          <tr
            class="sc-1yxujaa-0 bgyIwA"
            gridtemplatecolumns=" minmax(100px, 0.2fr) minmax(100px, 0.4fr) minmax(100px, 1fr) minmax(100px, 0.4fr) minmax(100px, 0.3fr) minmax(100px, 0.2fr)"
            style="grid-template-columns: minmax(100px, 0.2fr) minmax(100px, 0.4fr) minmax(100px, 1fr) minmax(100px, 0.4fr) minmax(100px, 0.3fr) minmax(100px, 0.2fr);"
            tabindex="0"
          >
            <td
              class="sc-1e51eaa-0 hFOqbY"
              tablesize="M"
            >
              <div
                class="sc-15vbyef-0 bHPECM"
              />
            </td>
            <td
              class="sc-1e51eaa-0 hFOqbY"
              tablesize="M"
            >
              <div
                class="sc-15vbyef-0 bHPECM"
              />
            </td>
            <td
              class="sc-1e51eaa-0 hFOqbY"
              tablesize="M"
            >
              <div
                class="sc-15vbyef-0 bHPECM"
              />
            </td>
            <td
              class="sc-1e51eaa-0 hFOqbY"
              tablesize="M"
            >
              <div
                class="sc-15vbyef-0 bHPECM"
              />
            </td>
            <td
              class="sc-1e51eaa-0 hFOqbY"
              tablesize="M"
            >
              <div
                class="sc-15vbyef-0 bHPECM"
              />
            </td>
            <td
              class="sc-1e51eaa-0 hFOqbY"
              tablesize="M"
            >
              <div
                class="sc-15vbyef-0 bHPECM"
              />
            </td>
          </tr>
          <tr
            class="sc-1yxujaa-0 bgyIwA"
            gridtemplatecolumns=" minmax(100px, 0.2fr) minmax(100px, 0.4fr) minmax(100px, 1fr) minmax(100px, 0.4fr) minmax(100px, 0.3fr) minmax(100px, 0.2fr)"
            style="grid-template-columns: minmax(100px, 0.2fr) minmax(100px, 0.4fr) minmax(100px, 1fr) minmax(100px, 0.4fr) minmax(100px, 0.3fr) minmax(100px, 0.2fr);"
            tabindex="1"
          >
            <td
              class="sc-1e51eaa-0 hFOqbY"
              tablesize="M"
            >
              <div
                class="sc-15vbyef-0 bHPECM"
              />
            </td>
            <td
              class="sc-1e51eaa-0 hFOqbY"
              tablesize="M"
            >
              <div
                class="sc-15vbyef-0 bHPECM"
              />
            </td>
            <td
              class="sc-1e51eaa-0 hFOqbY"
              tablesize="M"
            >
              <div
                class="sc-15vbyef-0 bHPECM"
              />
            </td>
            <td
              class="sc-1e51eaa-0 hFOqbY"
              tablesize="M"
            >
              <div
                class="sc-15vbyef-0 bHPECM"
              />
            </td>
            <td
              class="sc-1e51eaa-0 hFOqbY"
              tablesize="M"
            >
              <div
                class="sc-15vbyef-0 bHPECM"
              />
            </td>
            <td
              class="sc-1e51eaa-0 hFOqbY"
              tablesize="M"
            >
              <div
                class="sc-15vbyef-0 bHPECM"
              />
            </td>
          </tr>
          <tr
            class="sc-1yxujaa-0 bgyIwA"
            gridtemplatecolumns=" minmax(100px, 0.2fr) minmax(100px, 0.4fr) minmax(100px, 1fr) minmax(100px, 0.4fr) minmax(100px, 0.3fr) minmax(100px, 0.2fr)"
            style="grid-template-columns: minmax(100px, 0.2fr) minmax(100px, 0.4fr) minmax(100px, 1fr) minmax(100px, 0.4fr) minmax(100px, 0.3fr) minmax(100px, 0.2fr);"
            tabindex="2"
          >
            <td
              class="sc-1e51eaa-0 hFOqbY"
              tablesize="M"
            >
              <div
                class="sc-15vbyef-0 bHPECM"
              />
            </td>
            <td
              class="sc-1e51eaa-0 hFOqbY"
              tablesize="M"
            >
              <div
                class="sc-15vbyef-0 bHPECM"
              />
            </td>
            <td
              class="sc-1e51eaa-0 hFOqbY"
              tablesize="M"
            >
              <div
                class="sc-15vbyef-0 bHPECM"
              />
            </td>
            <td
              class="sc-1e51eaa-0 hFOqbY"
              tablesize="M"
            >
              <div
                class="sc-15vbyef-0 bHPECM"
              />
            </td>
            <td
              class="sc-1e51eaa-0 hFOqbY"
              tablesize="M"
            >
              <div
                class="sc-15vbyef-0 bHPECM"
              />
            </td>
            <td
              class="sc-1e51eaa-0 hFOqbY"
              tablesize="M"
            >
              <div
                class="sc-15vbyef-0 bHPECM"
              />
            </td>
          </tr>
          <tr
            class="sc-1yxujaa-0 bgyIwA"
            gridtemplatecolumns=" minmax(100px, 0.2fr) minmax(100px, 0.4fr) minmax(100px, 1fr) minmax(100px, 0.4fr) minmax(100px, 0.3fr) minmax(100px, 0.2fr)"
            style="grid-template-columns: minmax(100px, 0.2fr) minmax(100px, 0.4fr) minmax(100px, 1fr) minmax(100px, 0.4fr) minmax(100px, 0.3fr) minmax(100px, 0.2fr);"
            tabindex="3"
          >
            <td
              class="sc-1e51eaa-0 hFOqbY"
              tablesize="M"
            >
              <div
                class="sc-15vbyef-0 bHPECM"
              />
            </td>
            <td
              class="sc-1e51eaa-0 hFOqbY"
              tablesize="M"
            >
              <div
                class="sc-15vbyef-0 bHPECM"
              />
            </td>
            <td
              class="sc-1e51eaa-0 hFOqbY"
              tablesize="M"
            >
              <div
                class="sc-15vbyef-0 bHPECM"
              />
            </td>
            <td
              class="sc-1e51eaa-0 hFOqbY"
              tablesize="M"
            >
              <div
                class="sc-15vbyef-0 bHPECM"
              />
            </td>
            <td
              class="sc-1e51eaa-0 hFOqbY"
              tablesize="M"
            >
              <div
                class="sc-15vbyef-0 bHPECM"
              />
            </td>
            <td
              class="sc-1e51eaa-0 hFOqbY"
              tablesize="M"
            >
              <div
                class="sc-15vbyef-0 bHPECM"
              />
            </td>
          </tr>
          <tr
            class="sc-1yxujaa-0 bgyIwA"
            gridtemplatecolumns=" minmax(100px, 0.2fr) minmax(100px, 0.4fr) minmax(100px, 1fr) minmax(100px, 0.4fr) minmax(100px, 0.3fr) minmax(100px, 0.2fr)"
            style="grid-template-columns: minmax(100px, 0.2fr) minmax(100px, 0.4fr) minmax(100px, 1fr) minmax(100px, 0.4fr) minmax(100px, 0.3fr) minmax(100px, 0.2fr);"
            tabindex="4"
          >
            <td
              class="sc-1e51eaa-0 hFOqbY"
              tablesize="M"
            >
              <div
                class="sc-15vbyef-0 bHPECM"
              />
            </td>
            <td
              class="sc-1e51eaa-0 hFOqbY"
              tablesize="M"
            >
              <div
                class="sc-15vbyef-0 bHPECM"
              />
            </td>
            <td
              class="sc-1e51eaa-0 hFOqbY"
              tablesize="M"
            >
              <div
                class="sc-15vbyef-0 bHPECM"
              />
            </td>
            <td
              class="sc-1e51eaa-0 hFOqbY"
              tablesize="M"
            >
              <div
                class="sc-15vbyef-0 bHPECM"
              />
            </td>
            <td
              class="sc-1e51eaa-0 hFOqbY"
              tablesize="M"
            >
              <div
                class="sc-15vbyef-0 bHPECM"
              />
            </td>
            <td
              class="sc-1e51eaa-0 hFOqbY"
              tablesize="M"
            >
              <div
                class="sc-15vbyef-0 bHPECM"
              />
            </td>
          </tr>
        </tbody>
      </table>
    </div>
  </main>
</div>
`;
