// Jest Snapshot v1, https://goo.gl/fbAQLP

exports[`Badge should render properly 1`] = `
<div>
  <div
    class="sc-1exx2co-0 dufstT"
  />
</div>
`;
