// Jest Snapshot v1, https://goo.gl/fbAQLP

exports[`Requested FeedbackForm feedback form component for Add action should take snapshot 1`] = `
<div>
  <main
    class="sc-1ehavxz-0 dDyhBJ"
  >
    <div
      class="sc-h70dbj-0 fQmYvl row expanded space-between align-center marginBottom-2"
    >
      <div
        class="sc-w8e7z6-2"
      >
        <h3
          class="sc-1ntgl3l-0 kcLBOi sc-w8e7z6-0 ibnmt"
          textalign="initial"
          textcolor="inherit"
          textvariant="h3"
          textweight="Medium"
        >
          Add Requested Feedback
        </h3>
      </div>
    </div>
    <div
      class="sc-1sijxax-1 fmPQUh"
    >
      <div
        action="Add"
        class="sc-tkiih6-9 bFDgcw form-division"
      >
        <div
          bg="white"
          borderradius="2"
          class="sc-12ecrgm-0 dAEUnm"
          color="black"
          display="flex"
          font-variant="body2"
          px="4"
          py="4"
          style="align-items: center; justify-content: center; height: 30rem;"
        >
          <div
            class="sc-mbkfkf-0 KnoHL"
          >
            <main
              class="sc-1ehavxz-0 dDyhBJ"
            >
              <div
                class="sc-6d0kjn-0 dkGZbP"
              >
                <svg
                  class="sc-433e5x-0 dVjAFq"
                  height="1em"
                  viewBox="0 0 100 100"
                  width="1em"
                  xmlns="http://www.w3.org/2000/svg"
                >
                  <path
                    d="M31.6 3.5C5.9 13.6-6.6 42.7 3.5 68.4c10.1 25.7 39.2 38.3 64.9 28.1l-3.1-7.9C44 97 19.9 86.6 11.5 65.3c-8.4-21.3 2-45.4 23.3-53.8l-3.2-8z"
                  >
                    <animatetransform
                      attributeName="transform"
                      attributeType="XML"
                      dur="2s"
                      from="0 50 50"
                      repeatCount="indefinite"
                      to="360 50 50"
                      type="rotate"
                    />
                  </path>
                  <path
                    d="M42.3 39.6c5.7-4.3 13.9-3.1 18.1 2.7 4.3 5.7 3.1 13.9-2.7 18.1l4.1 5.5c8.8-6.5 10.6-19 4.1-27.7-6.5-8.8-19-10.6-27.7-4.1l4.1 5.5z"
                  >
                    <animatetransform
                      attributeName="transform"
                      attributeType="XML"
                      dur="1s"
                      from="0 50 50"
                      repeatCount="indefinite"
                      to="-360 50 50"
                      type="rotate"
                    />
                  </path>
                  <path
                    d="M82 35.7C74.1 18 53.4 10.1 35.7 18S10.1 46.6 18 64.3l7.6-3.4c-6-13.5 0-29.3 13.5-35.3s29.3 0 35.3 13.5l7.6-3.4z"
                  >
                    <animatetransform
                      attributeName="transform"
                      attributeType="XML"
                      dur="2s"
                      from="0 50 50"
                      repeatCount="indefinite"
                      to="360 50 50"
                      type="rotate"
                    />
                  </path>
                </svg>
              </div>
            </main>
          </div>
        </div>
      </div>
      <div
        class="sc-tkiih6-9 bFDgcw tips-division"
      >
        <div
          class="sc-murh6i-6 gorXly"
          feedbacktag="1"
        >
          <div
            class="sc-murh6i-7 fggvmg"
          >
            <h3
              class="sc-1ntgl3l-0 lhJlYH sc-tkiih6-22 isRtxH"
              textalign="initial"
              textcolor="inherit"
              textvariant="h3"
              textweight="Strong"
            >
              Tips
            </h3>
            <div
              class="sc-murh6i-5 gpsljX"
            />
          </div>
          <strong
            class="sc-1ntgl3l-0 dDvaST sc-1xeus4s-0 hbEGSB"
            textalign="initial"
            textcolor="inherit"
            textweight="Strong"
          >
            <span>
              Spot the Good Stuff!
            </span>
          </strong>
          <br />
          <strong
            class="sc-1ntgl3l-0 dDvaST sc-1xeus4s-4 eGpFMS"
            margintop="2"
            textalign="initial"
            textcolor="inherit"
            textweight="Strong"
          >
            Purpose:
          </strong>
          <br />
          <span
            class="sc-1ntgl3l-0 hGagSU sc-1xeus4s-4 dWfSgT"
            textalign="initial"
            textcolor="inherit"
          >
            Reinforce behaviours that go above and beyond expectations.
          </span>
          <br />
          <strong
            class="sc-1ntgl3l-0 dDvaST sc-1xeus4s-4 eGpFMS"
            margintop="2"
            textalign="initial"
            textcolor="inherit"
            textweight="Strong"
          >
            What to do:
          </strong>
          <br />
          <ul
            class="sc-1xeus4s-1 hIctrP tips-steps"
          >
            <li
              class="sc-1xeus4s-3 iVvoKn"
              style="margin-top: 1rem;"
            >
              <span
                class="sc-1ntgl3l-0 hGagSU sc-1xeus4s-4 dWfSgT"
                textalign="initial"
                textcolor="inherit"
              >
                <span>
                  Be specific: Mention what the person did and how it helped.
                </span>
              </span>
            </li>
            <li
              class="sc-1xeus4s-3 iVvoKn"
              style="margin-top: 0px;"
            >
              <span
                class="sc-1ntgl3l-0 hGagSU sc-1xeus4s-4 dWfSgT"
                textalign="initial"
                textcolor="inherit"
              >
                <span>
                  Recognize above-and-beyond efforts, not just tasks that are part of the job.
                </span>
              </span>
            </li>
            <li
              class="sc-1xeus4s-3 iVvoKn"
              style="margin-top: 0px;"
            >
              <span
                class="sc-1ntgl3l-0 hGagSU sc-1xeus4s-4 dWfSgT"
                textalign="initial"
                textcolor="inherit"
              >
                <span>
                  Focus on behaviors and impact, not just outcomes.
                </span>
              </span>
            </li>
            <li
              class="sc-1xeus4s-3 iVvoKn"
              style="margin-top: 0px;"
            >
              <span
                class="sc-1ntgl3l-0 hGagSU sc-1xeus4s-4 dWfSgT"
                textalign="initial"
                textcolor="inherit"
              >
                <span>
                  Time it right: Give feedback close to when the action occurred.
                </span>
              </span>
            </li>
          </ul>
          <strong
            class="sc-1ntgl3l-0 dDvaST sc-1xeus4s-4 eGpFMS"
            margintop="2"
            textalign="initial"
            textcolor="inherit"
            textweight="Strong"
          >
            What not to do:
          </strong>
          <br />
          <ul
            class="sc-1xeus4s-1 hIctrP tips-steps"
          >
            <li
              class="sc-1xeus4s-3 iVvoKn"
              style="margin-top: 1rem;"
            >
              <span
                class="sc-1ntgl3l-0 hGagSU sc-1xeus4s-4 dWfSgT"
                textalign="initial"
                textcolor="inherit"
              >
                <span>
                  Giving praise for “just doing the job” — Example: “You attended all the meetings this week.” That's expected, not praise-worthy.
                </span>
              </span>
            </li>
            <li
              class="sc-1xeus4s-3 iVvoKn"
              style="margin-top: 0px;"
            >
              <span
                class="sc-1ntgl3l-0 hGagSU sc-1xeus4s-4 dWfSgT"
                textalign="initial"
                textcolor="inherit"
              >
                <span>
                  Generic compliments — Avoid “Great work!” without context.
                </span>
              </span>
            </li>
            <li
              class="sc-1xeus4s-3 iVvoKn"
              style="margin-top: 0px;"
            >
              <span
                class="sc-1ntgl3l-0 hGagSU sc-1xeus4s-4 dWfSgT"
                textalign="initial"
                textcolor="inherit"
              >
                <span>
                  Not acknowledging silent contributors — People who help behind the scenes also deserve appreciation.
                </span>
              </span>
            </li>
          </ul>
          <strong
            class="sc-1ntgl3l-0 dDvaST sc-1xeus4s-4 eGpFMS"
            margintop="2"
            textalign="initial"
            textcolor="inherit"
            textweight="Strong"
          >
            Example:
          </strong>
          <br />
          <span
            class="sc-1ntgl3l-0 hGagSU"
            style="font-size: 14px;"
            textalign="initial"
            textcolor="inherit"
          >
            "Loved how you took the initiative to redesign the onboarding doc. It made the process smoother for the new hires and saved the HR team hours!"
          </span>
        </div>
      </div>
    </div>
  </main>
</div>
`;
