// Jest Snapshot v1, https://goo.gl/fbAQLP

exports[`Deactive Manager component should take snapshot 1`] = `
<div>
  <main
    class="sc-1ehavxz-0 dDyhBJ"
  >
    <div
      class="sc-h70dbj-0 fQmYvl row expanded space-between align-center marginBottom-2"
    >
      <div
        class="sc-w8e7z6-2"
      >
        <h3
          class="sc-1ntgl3l-0 kcLBOi sc-w8e7z6-0 ibnmt"
          textalign="initial"
          textcolor="inherit"
          textvariant="h3"
          textweight="Medium"
        >
          Change Manager
        </h3>
      </div>
    </div>
    <div
      class="sc-8tbhpn-3"
    >
      <div
        class="sc-1msmxxr-0 iWEzjW"
      >
        Change Manager To
      </div>
      <table
        actions=""
        class="sc-1msmxxr-1 jwFsPF sc-8tbhpn-2 fqOFEu"
        columns="[object Object],[object Object]"
        defaultactivepage="1"
        defaultsortorder="desc"
        itemsperpage="10"
        rowclickdisablekey=""
        tabindex="-1"
        totalitems="0"
      >
        <thead
          class="sc-uxzsxp-0 haNltq"
        >
          <tr
            class="sc-1jr91bg-0 hJzMcO"
            gridtemplatecolumns=" minmax(100px, 1fr) minmax(100px, 1fr)"
            style="grid-template-columns: minmax(100px, 1fr) minmax(100px, 1fr);"
          >
            <th
              class="sc-hjmm4m-0 iOyNiA"
              tablesize="M"
            >
              <button
                class="sc-hjmm4m-2 kpjakb"
                tablesize="M"
              >
                <span
                  class="sc-1ntgl3l-0 ghpJwn"
                  textalign="initial"
                  textcolor="inherit"
                >
                  Reportee Name
                </span>
              </button>
              <span
                class="sc-hjmm4m-1 cuEDpa"
              />
            </th>
            <th
              class="sc-hjmm4m-0 iOyNiA"
              tablesize="M"
            >
              <button
                class="sc-hjmm4m-2 kpjakb"
                tablesize="M"
              >
                <span
                  class="sc-1ntgl3l-0 ghpJwn"
                  textalign="initial"
                  textcolor="inherit"
                >
                  Change Manager To
                </span>
              </button>
              <span
                class="sc-hjmm4m-1 cuEDpa"
              />
            </th>
          </tr>
        </thead>
        <tbody
          class="sc-c7cniy-0 kShdfA"
        >
          <tr
            class="sc-1yxujaa-0 sc-1yxujaa-2 cfQtmZ gtGPdU"
            gridtemplatecolumns=" minmax(100px, 1fr) minmax(100px, 1fr)"
            style="grid-template-columns: minmax(100px, 1fr) minmax(100px, 1fr);"
          >
            <td
              class="sc-1yxujaa-1 hmPqUc"
              tablesize="M"
              width="0"
            >
              No result
            </td>
          </tr>
        </tbody>
      </table>
    </div>
    <div
      class="sc-1o9mfd9-2 gLsThh"
    >
      <button
        class="sc-1k2druj-0 eLgfbc"
        data-testid="saveBtn"
        edges="square"
        type="button"
        variant="solid"
      >
        <span
          class="sc-1ntgl3l-0 eOsHHD"
          textalign="initial"
          textcolor="inherit"
          textvariant="button1"
        >
          Save
        </span>
      </button>
    </div>
  </main>
</div>
`;
