// Jest Snapshot v1, https://goo.gl/fbAQLP

exports[`PageLayout component should render properly 1`] = `
<div>
  <div
    class="sc-mbkfkf-0 KnoHL"
  />
</div>
`;
