// Jest Snapshot v1, https://goo.gl/fbAQLP

exports[`SideNav should take snapshot 1`] = `
<div>
  <aside
    class="sc-n4yfoe-0 sc-17gfowi-0 bYALtO bfraIr sc-cx5myq-7 uSLmb"
    id="ul"
    position="left"
  >
    <nav
      class="sc-17gfowi-1 hQdfOl"
    >
      <div
        class="sc-cx5myq-5 dyCMpe"
      >
        <svg
          class="sc-433e5x-0 jinVZY"
          height="1em"
          viewBox="0 0 100 100"
          width="1em"
          xmlns="http://www.w3.org/2000/svg"
        >
          <path
            d="M31.6 3.5C5.9 13.6-6.6 42.7 3.5 68.4c10.1 25.7 39.2 38.3 64.9 28.1l-3.1-7.9C44 97 19.9 86.6 11.5 65.3c-8.4-21.3 2-45.4 23.3-53.8l-3.2-8z"
          >
            <animatetransform
              attributeName="transform"
              attributeType="XML"
              dur="2s"
              from="0 50 50"
              repeatCount="indefinite"
              to="360 50 50"
              type="rotate"
            />
          </path>
          <path
            d="M42.3 39.6c5.7-4.3 13.9-3.1 18.1 2.7 4.3 5.7 3.1 13.9-2.7 18.1l4.1 5.5c8.8-6.5 10.6-19 4.1-27.7-6.5-8.8-19-10.6-27.7-4.1l4.1 5.5z"
          >
            <animatetransform
              attributeName="transform"
              attributeType="XML"
              dur="1s"
              from="0 50 50"
              repeatCount="indefinite"
              to="-360 50 50"
              type="rotate"
            />
          </path>
          <path
            d="M82 35.7C74.1 18 53.4 10.1 35.7 18S10.1 46.6 18 64.3l7.6-3.4c-6-13.5 0-29.3 13.5-35.3s29.3 0 35.3 13.5l7.6-3.4z"
          >
            <animatetransform
              attributeName="transform"
              attributeType="XML"
              dur="2s"
              from="0 50 50"
              repeatCount="indefinite"
              to="360 50 50"
              type="rotate"
            />
          </path>
        </svg>
      </div>
      <ul
        class="sc-78sry4-0 bGFvqD"
      >
        <li
          bgcolor="#ffffff"
          class="sc-gr2wcj-0 gNQEaU sc-cx5myq-6 kxjbmP"
          closesize="7.2rem"
          group="[object Object]"
          navitem="[object Object]"
          opensize="23rem"
          scrollbarcolor="#98A7B7"
          separatorcolor="#dfe4e9"
        >
          <svg
            class="sc-1pf3x8a-0 klDMsE"
            fill="none"
            height="1em"
            viewBox="0 0 24 24"
            width="1em"
            xmlns="http://www.w3.org/2000/svg"
          >
            <path
              clip-rule="evenodd"
              d="M10 13H4c-.55 0-1-.45-1-1V4c0-.55.45-1 1-1h6c.55 0 1 .45 1 1v8c0 .55-.45 1-1 1zm0 8H4c-.55 0-1-.45-1-1v-4c0-.55.45-1 1-1h6c.55 0 1 .45 1 1v4c0 .55-.45 1-1 1zm4 0h6c.55 0 1-.45 1-1v-8c0-.55-.45-1-1-1h-6c-.55 0-1 .45-1 1v8c0 .55.45 1 1 1zM13 8V4c0-.55.45-1 1-1h6c.55 0 1 .45 1 1v4c0 .55-.45 1-1 1h-6c-.55 0-1-.45-1-1z"
              fill="#000"
              fill-opacity=".54"
              fill-rule="evenodd"
            />
          </svg>
          <span
            class="sc-1ntgl3l-0 hGagSU"
            textalign="initial"
            textcolor="inherit"
          >
            Dashboard
          </span>
        </li>
        <li
          bgcolor="#ffffff"
          class="sc-gr2wcj-0 hbHjwy sc-cx5myq-6 dPDEKB"
          closesize="7.2rem"
          group="[object Object]"
          navitem="[object Object]"
          opensize="23rem"
          scrollbarcolor="#98A7B7"
          separatorcolor="#dfe4e9"
        >
          <svg
            class="sc-1pf3x8a-0 klDMsE"
            fill="none"
            height="1em"
            viewBox="0 0 24 24"
            width="1em"
            xmlns="http://www.w3.org/2000/svg"
          >
            <path
              clip-rule="evenodd"
              d="M17 4v7c0 1.1-.9 2-2 2H6l-4 4V4c0-1.1.9-2 2-2h11c1.1 0 2 .9 2 2zm2 2h1c1.1 0 2 .9 2 2v14l-4-4H8c-1.1 0-2-.9-2-2v-1h12c.55 0 1-.45 1-1V6z"
              fill="#000"
              fill-opacity=".54"
              fill-rule="evenodd"
            />
          </svg>
          <span
            class="sc-1ntgl3l-0 hGagSU"
            textalign="initial"
            textcolor="inherit"
          >
            360-Degree Feedback
          </span>
        </li>
        <li
          bgcolor="#ffffff"
          class="sc-gr2wcj-0 hbHjwy sc-cx5myq-6 dPDEKB"
          closesize="7.2rem"
          group="[object Object]"
          navitem="[object Object]"
          opensize="23rem"
          scrollbarcolor="#98A7B7"
          separatorcolor="#dfe4e9"
        >
          <svg
            height="24"
            viewBox="0 0 21 21"
            width="24"
            xmlns="http://www.w3.org/2000/svg"
          >
            <path
              d="M9.7 2.8a.41.41 0 0 0-.137.025L2.267 5.502a.405.405 0 0 0-.205.595L4 9l8-3-1.95-3.009A.41.41 0 0 0 9.7 2.8zM12 6l3.233 1.213 5.497-2.08-6.292-2.308a.41.41 0 0 0-.488.166L12 6zM4 9l-1.938 2.967a.394.394 0 0 0 .205.584l7.296 2.624a.413.413 0 0 0 .487-.163L12 12 4 9zm8 3l8-3 1.968-3.077c.104-.17-.061-.379-.245-.309L14.407 8.38a.828.828 0 0 0-.413.345L12 12zm8-2.145l-7.6 2.85V21.2l7.337-2.68a.4.4 0 0 0 .263-.375v-8.29zm-16 4.17v4.12a.4.4 0 0 0 .263.375L11.6 21.2v-7.11l-.878 1.358a1.203 1.203 0 0 1-1.43.48L4 14.024z"
              fill="#607890"
            />
          </svg>
          <span
            class="sc-1ntgl3l-0 hGagSU"
            textalign="initial"
            textcolor="inherit"
          >
            Suggestion Box
          </span>
        </li>
        <li
          class="sc-ev5z6o-0 bvXqpL"
        >
          <li
            bgcolor="#ffffff"
            class="sc-gr2wcj-0 hbHjwy sc-cx5myq-6 dPDEKB"
            closesize="7.2rem"
            group="[object Object]"
            navitem="[object Object]"
            opensize="23rem"
            scrollbarcolor="#98A7B7"
            separatorcolor="#dfe4e9"
          >
            <svg
              class="sc-1pf3x8a-0 klDMsE"
              fill="none"
              height="1em"
              viewBox="0 0 24 24"
              width="1em"
              xmlns="http://www.w3.org/2000/svg"
            >
              <path
                clip-rule="evenodd"
                d="M13.17 2c.53 0 1.04.21 1.42.59l4.82 4.83c.38.37.59.88.59 1.41V20c0 1.1-.9 2-2 2H5.99C4.89 22 4 21.1 4 20V4c0-1.1.9-2 2-2h7.17zM9 18h6c.55 0 1-.45 1-1s-.45-1-1-1H9c-.55 0-1 .45-1 1s.45 1 1 1zm6-4H9c-.55 0-1-.45-1-1s.45-1 1-1h6c.55 0 1 .45 1 1s-.45 1-1 1zM13 3.5V8c0 .55.45 1 1 1h4.5L13 3.5z"
                fill="#000"
                fill-opacity=".54"
                fill-rule="evenodd"
              />
            </svg>
            <div
              class="sc-ev5z6o-1 jTKFvY"
            >
              <span
                class="sc-1ntgl3l-0 hGagSU"
                textalign="initial"
                textcolor="inherit"
                textweight="Regular"
              >
                Reports
              </span>
              <div
                class="sc-ev5z6o-2 inGAbM"
              >
                <svg
                  class="sc-1pf3x8a-0 klDMsE"
                  fill="none"
                  height="1em"
                  viewBox="0 0 24 24"
                  width="1em"
                  xmlns="http://www.w3.org/2000/svg"
                >
                  <path
                    d="M6.998 21.015c.49.49 1.28.49 1.77 0l8.31-8.31a.996.996 0 0 0 0-1.41l-8.31-8.31a1.25 1.25 0 0 0-1.77 0 1.25 1.25 0 0 0 0 1.77l7.24 7.25-7.25 7.25c-.48.48-.48 1.28.01 1.76z"
                    fill="#000"
                    fill-opacity=".54"
                  />
                </svg>
              </div>
            </div>
          </li>
        </li>
        <li
          bgcolor="#ffffff"
          class="sc-gr2wcj-0 hbHjwy sc-cx5myq-6 dPDEKB"
          closesize="7.2rem"
          group="[object Object]"
          navitem="[object Object]"
          opensize="23rem"
          scrollbarcolor="#98A7B7"
          separatorcolor="#dfe4e9"
        >
          <svg
            height="682.667"
            version="1"
            viewBox="0 0 512.000000 512.000000"
            width="682.667"
            xmlns="http://www.w3.org/2000/svg"
          >
            <path
              d="M238.4 12.9c-30 7.4-52.2 32.2-56.4 63.1-4.2 30.4 12.6 61.6 40.6 75.8 3.9 2 14 5.4 19.7 6.6l2.7.6v86h-48.2c-26.6 0-51.4.5-55.3 1-8.6 1.3-21.1 7.1-27.7 12.9-5.8 5.2-11.5 13.7-14.7 22.1-2.5 6.4-2.5 7.1-2.9 39.2l-.3 32.8-2.7.6c-25.6 5.6-46.5 22.5-55.6 45-16.6 40.9 5.8 86.8 48.9 100.1 4.7 1.4 9.2 1.8 20.5 1.8 13-.1 15.3-.3 22.5-2.8 11.7-3.9 19.9-9.1 29.5-18.7 14.7-14.7 20.9-28.7 21.7-49 .6-14.7-1.2-23.5-7.1-35.5-10.2-20.5-26.4-33.7-48.5-39.7l-8.2-2.2.3-30.5.3-30.6 2.6-5.6c3.3-6.9 8.9-12.7 15.5-16l4.9-2.4 114.2-.3c113.4-.2 114.2-.2 119.7 1.8 7 2.7 13.9 9.3 17.4 16.8l2.7 5.7.3 30.6.3 30.5-8 2.2c-22.4 6-39.2 19.9-49.2 40.7-5.5 11.2-7.2 20.3-6.6 34.5.8 20.3 7 34.3 21.7 49 9.6 9.6 17.8 14.8 29.5 18.7 7.3 2.5 9.3 2.7 23 2.7 13.8 0 15.6-.2 22.9-2.7 29.7-10.4 49.4-36 51.3-66.7 1.4-22.2-6.8-42.5-23.6-58.3-10.7-10-21.8-15.7-37.3-19.1l-2.7-.6-.3-32.8c-.4-30.4-.6-33.1-2.5-38.4-6.2-16.6-17.8-28-34.5-34-6.2-2.2-7.1-2.3-59-2.6l-52.8-.3V159l2.8-.6c19.9-4.3 35.7-14.5 46.8-30.1 9.4-13.1 13.7-26.7 13.7-43.3 0-22.1-10-43.5-26.7-57.1-7.7-6.3-21.9-13.2-31.3-15.3-9.4-2.1-24.8-1.9-33.9.3z"
            />
          </svg>
          <span
            class="sc-1ntgl3l-0 hGagSU"
            textalign="initial"
            textcolor="inherit"
          >
            Departments
          </span>
        </li>
        <li
          bgcolor="#ffffff"
          class="sc-gr2wcj-0 hbHjwy sc-cx5myq-6 dPDEKB"
          closesize="7.2rem"
          group="[object Object]"
          navitem="[object Object]"
          opensize="23rem"
          scrollbarcolor="#98A7B7"
          separatorcolor="#dfe4e9"
        >
          <svg
            class="sc-1pf3x8a-0 klDMsE"
            fill="none"
            height="1em"
            viewBox="0 0 24 24"
            width="1em"
            xmlns="http://www.w3.org/2000/svg"
          >
            <path
              clip-rule="evenodd"
              d="M10.99 8c0 1.66-1.33 3-2.99 3-1.66 0-3-1.34-3-3s1.34-3 3-3 2.99 1.34 2.99 3zm8 0c0 1.66-1.33 3-2.99 3-1.66 0-3-1.34-3-3s1.34-3 3-3 2.99 1.34 2.99 3zM8 13c-2.33 0-7 1.17-7 3.5V18c0 .55.45 1 1 1h12c.55 0 1-.45 1-1v-1.5c0-2.33-4.67-3.5-7-3.5zm7.03.05c.35-.03.68-.05.97-.05 2.33 0 7 1.17 7 3.5V18c0 .55-.45 1-1 1h-5.18c.11-.31.18-.65.18-1v-1.5c0-1.47-.79-2.58-1.93-3.41a.12.12 0 0 1-.01-.011.092.092 0 0 0-.03-.029z"
              fill="#000"
              fill-opacity=".54"
              fill-rule="evenodd"
            />
          </svg>
          <span
            class="sc-1ntgl3l-0 hGagSU"
            textalign="initial"
            textcolor="inherit"
          >
            Teams
          </span>
        </li>
        <li
          bgcolor="#ffffff"
          class="sc-gr2wcj-0 hbHjwy sc-cx5myq-6 dPDEKB"
          closesize="7.2rem"
          group="[object Object]"
          navitem="[object Object]"
          opensize="23rem"
          scrollbarcolor="#98A7B7"
          separatorcolor="#dfe4e9"
        >
          <svg
            class="sc-1pf3x8a-0 klDMsE"
            fill="none"
            height="1em"
            viewBox="0 0 24 24"
            width="1em"
            xmlns="http://www.w3.org/2000/svg"
          >
            <path
              clip-rule="evenodd"
              d="M2.064 8.116l8.43-4.6c.6-.32 1.32-.32 1.92 0l9.52 5.19c.32.18.52.51.52.88v6.41c0 .55-.45 1-1 1s-1-.45-1-1v-5.91l-8.04 4.39c-.6.33-1.32.33-1.92 0l-8.43-4.6c-.69-.38-.69-1.38 0-1.76zm2.39 7.87v-2.81l6.04 3.3c.6.33 1.32.33 1.92 0l6.04-3.3v2.81c0 .73-.4 1.41-1.04 1.76l-5 2.73c-.6.33-1.32.33-1.92 0l-5-2.73a2.011 2.011 0 0 1-1.04-1.76z"
              fill="#000"
              fill-opacity=".54"
              fill-rule="evenodd"
            />
          </svg>
          <span
            class="sc-1ntgl3l-0 hGagSU"
            textalign="initial"
            textcolor="inherit"
          >
            Designations
          </span>
        </li>
        <li
          bgcolor="#ffffff"
          class="sc-gr2wcj-0 hbHjwy sc-cx5myq-6 dPDEKB"
          closesize="7.2rem"
          group="[object Object]"
          navitem="[object Object]"
          opensize="23rem"
          scrollbarcolor="#98A7B7"
          separatorcolor="#dfe4e9"
        >
          <svg
            class="sc-1pf3x8a-0 klDMsE"
            fill="none"
            height="1em"
            viewBox="0 0 24 24"
            width="1em"
            xmlns="http://www.w3.org/2000/svg"
          >
            <path
              clip-rule="evenodd"
              d="M18 8.5h-1v-2c0-2.76-2.24-5-5-5s-5 2.24-5 5v2H6c-1.1 0-2 .9-2 2v10c0 1.1.9 2 2 2h12c1.1 0 2-.9 2-2v-10c0-1.1-.9-2-2-2zm-6 9c-1.1 0-2-.9-2-2s.9-2 2-2 2 .9 2 2-.9 2-2 2zm-3-11v2h6v-2c0-1.66-1.34-3-3-3s-3 1.34-3 3z"
              fill="#000"
              fill-opacity=".54"
              fill-rule="evenodd"
            />
          </svg>
          <span
            class="sc-1ntgl3l-0 hGagSU"
            textalign="initial"
            textcolor="inherit"
          >
            Roles & Permissions
          </span>
        </li>
        <li
          bgcolor="#ffffff"
          class="sc-gr2wcj-0 hbHjwy sc-cx5myq-6 dPDEKB"
          closesize="7.2rem"
          group="[object Object]"
          navitem="[object Object]"
          opensize="23rem"
          scrollbarcolor="#98A7B7"
          separatorcolor="#dfe4e9"
        >
          <svg
            class="sc-1pf3x8a-0 klDMsE"
            fill="none"
            height="1em"
            viewBox="0 0 24 24"
            width="1em"
            xmlns="http://www.w3.org/2000/svg"
          >
            <path
              clip-rule="evenodd"
              d="M16 8c0 2.21-1.79 4-4 4s-4-1.79-4-4 1.79-4 4-4 4 1.79 4 4zM4 18c0-2.66 5.33-4 8-4s8 1.34 8 4v1c0 .55-.45 1-1 1H5c-.55 0-1-.45-1-1v-1z"
              fill="#000"
              fill-opacity=".54"
              fill-rule="evenodd"
            />
          </svg>
          <span
            class="sc-1ntgl3l-0 hGagSU"
            textalign="initial"
            textcolor="inherit"
          >
            Employees
          </span>
        </li>
        <li
          bgcolor="#ffffff"
          class="sc-gr2wcj-0 hbHjwy sc-cx5myq-6 dPDEKB"
          closesize="7.2rem"
          group="[object Object]"
          navitem="[object Object]"
          opensize="23rem"
          scrollbarcolor="#98A7B7"
          separatorcolor="#dfe4e9"
        >
          <svg
            class="sc-1pf3x8a-0 klDMsE"
            fill="none"
            height="1em"
            viewBox="0 0 24 24"
            width="1em"
            xmlns="http://www.w3.org/2000/svg"
          >
            <path
              clip-rule="evenodd"
              d="M10.65 2.94L6.93 9.02c-.41.66.07 1.52.85 1.52h7.43c.78 0 1.26-.86.85-1.52l-3.71-6.08a.993.993 0 0 0-1.7 0zm6.35 9.6a4.5 4.5 0 1 0 0 9 4.5 4.5 0 0 0 0-9zm-7.5 8.5h-6c-.55 0-1-.45-1-1v-6c0-.55.45-1 1-1h6c.55 0 1 .45 1 1v6c0 .55-.45 1-1 1z"
              fill="#000"
              fill-opacity=".54"
              fill-rule="evenodd"
            />
          </svg>
          <span
            class="sc-1ntgl3l-0 hGagSU"
            textalign="initial"
            textcolor="inherit"
          >
            KRAs
          </span>
        </li>
        <li
          bgcolor="#ffffff"
          class="sc-gr2wcj-0 hbHjwy sc-cx5myq-6 dPDEKB"
          closesize="7.2rem"
          group="[object Object]"
          navitem="[object Object]"
          opensize="23rem"
          scrollbarcolor="#98A7B7"
          separatorcolor="#dfe4e9"
        >
          <svg
            class="sc-1pf3x8a-0 klDMsE"
            fill="none"
            height="1em"
            viewBox="0 0 24 24"
            width="1em"
            xmlns="http://www.w3.org/2000/svg"
          >
            <path
              clip-rule="evenodd"
              d="M2 6c0 1.1.9 2 2 2h16c1.1 0 2-.9 2-2s-.9-2-2-2H4c-1.1 0-2 .9-2 2zm18 14H4c-1.1 0-2-.9-2-2s.9-2 2-2h16c1.1 0 2 .9 2 2s-.9 2-2 2zM6 17H4v2h2v-2zM4 7h2V5H4v2zm0 7h16c1.1 0 2-.9 2-2s-.9-2-2-2H4c-1.1 0-2 .9-2 2s.9 2 2 2zm2-3H4v2h2v-2z"
              fill="#000"
              fill-opacity=".54"
              fill-rule="evenodd"
            />
          </svg>
          <span
            class="sc-1ntgl3l-0 hGagSU"
            textalign="initial"
            textcolor="inherit"
          >
            KPIs
          </span>
        </li>
        <li
          class="sc-ev5z6o-0 bvXqpL"
        >
          <li
            bgcolor="#ffffff"
            class="sc-gr2wcj-0 hbHjwy sc-cx5myq-6 dPDEKB"
            closesize="7.2rem"
            group="[object Object]"
            navitem="[object Object]"
            opensize="23rem"
            scrollbarcolor="#98A7B7"
            separatorcolor="#dfe4e9"
          >
            <svg
              class="sc-1pf3x8a-0 klDMsE"
              fill="none"
              height="1em"
              viewBox="0 0 24 24"
              width="1em"
              xmlns="http://www.w3.org/2000/svg"
            >
              <path
                d="M6 4v3.17c0 .53.21 1.04.59 1.42L10 12l-3.42 3.42c-.37.38-.58.89-.58 1.42V20c0 1.1.9 2 2 2h8c1.1 0 2-.9 2-2v-3.16c0-.53-.21-1.04-.58-1.41L14 12l3.41-3.4c.38-.38.59-.89.59-1.42V4c0-1.1-.9-2-2-2H8c-1.1 0-2 .9-2 2z"
                fill="#000"
                fill-opacity=".54"
              />
            </svg>
            <div
              class="sc-ev5z6o-1 jTKFvY"
            >
              <span
                class="sc-1ntgl3l-0 hGagSU"
                textalign="initial"
                textcolor="inherit"
                textweight="Regular"
              >
                Performance Review
              </span>
              <div
                class="sc-ev5z6o-2 inGAbM"
              >
                <svg
                  class="sc-1pf3x8a-0 klDMsE"
                  fill="none"
                  height="1em"
                  viewBox="0 0 24 24"
                  width="1em"
                  xmlns="http://www.w3.org/2000/svg"
                >
                  <path
                    d="M6.998 21.015c.49.49 1.28.49 1.77 0l8.31-8.31a.996.996 0 0 0 0-1.41l-8.31-8.31a1.25 1.25 0 0 0-1.77 0 1.25 1.25 0 0 0 0 1.77l7.24 7.25-7.25 7.25c-.48.48-.48 1.28.01 1.76z"
                    fill="#000"
                    fill-opacity=".54"
                  />
                </svg>
              </div>
            </div>
          </li>
        </li>
        <li
          class="sc-ev5z6o-0 bvXqpL"
        >
          <li
            bgcolor="#ffffff"
            class="sc-gr2wcj-0 hbHjwy sc-cx5myq-6 dPDEKB"
            closesize="7.2rem"
            group="[object Object]"
            navitem="[object Object]"
            opensize="23rem"
            scrollbarcolor="#98A7B7"
            separatorcolor="#dfe4e9"
          >
            <svg
              class="sc-1pf3x8a-0 klDMsE"
              fill="none"
              height="1em"
              viewBox="0 0 24 24"
              width="1em"
              xmlns="http://www.w3.org/2000/svg"
            >
              <path
                clip-rule="evenodd"
                d="M19.502 12c0 .34-.03.66-.07.98l2.11 1.65c.19.15.24.42.12.64l-2 3.46c-.12.22-.38.31-.61.22l-2.49-1c-.52.39-1.08.73-1.69.98l-.38 2.65c-.03.24-.24.42-.49.42h-4c-.25 0-.46-.18-.49-.42l-.38-2.65c-.61-.25-1.17-.58-1.69-.98l-2.49 1c-.22.08-.49 0-.61-.22l-2-3.46a.505.505 0 0 1 .12-.64l2.11-1.65a7.93 7.93 0 0 1-.07-.98c0-.33.03-.66.07-.98l-2.11-1.65a.493.493 0 0 1-.12-.64l2-3.46c.12-.22.38-.31.61-.22l2.49 1c.52-.39 1.08-.73 1.69-.98l.38-2.65c.03-.24.24-.42.49-.42h4c.25 0 .46.18.49.42l.38 2.65c.61.25 1.17.58 1.69.98l2.49-1c.22-.08.49 0 .61.22l2 3.46c.12.22.07.49-.12.64l-2.11 1.65c.04.32.07.64.07.98zm-11 0c0 1.93 1.57 3.5 3.5 3.5s3.5-1.57 3.5-3.5-1.57-3.5-3.5-3.5-3.5 1.57-3.5 3.5z"
                fill="#000"
                fill-opacity=".54"
                fill-rule="evenodd"
              />
            </svg>
            <div
              class="sc-ev5z6o-1 jTKFvY"
            >
              <span
                class="sc-1ntgl3l-0 hGagSU"
                textalign="initial"
                textcolor="inherit"
                textweight="Regular"
              >
                Configuration
              </span>
              <div
                class="sc-ev5z6o-2 inGAbM"
              >
                <svg
                  class="sc-1pf3x8a-0 klDMsE"
                  fill="none"
                  height="1em"
                  viewBox="0 0 24 24"
                  width="1em"
                  xmlns="http://www.w3.org/2000/svg"
                >
                  <path
                    d="M6.998 21.015c.49.49 1.28.49 1.77 0l8.31-8.31a.996.996 0 0 0 0-1.41l-8.31-8.31a1.25 1.25 0 0 0-1.77 0 1.25 1.25 0 0 0 0 1.77l7.24 7.25-7.25 7.25c-.48.48-.48 1.28.01 1.76z"
                    fill="#000"
                    fill-opacity=".54"
                  />
                </svg>
              </div>
            </div>
          </li>
        </li>
        <li
          bgcolor="#ffffff"
          class="sc-gr2wcj-0 hbHjwy sc-cx5myq-6 dPDEKB"
          closesize="7.2rem"
          group="[object Object]"
          navitem="[object Object]"
          opensize="23rem"
          scrollbarcolor="#98A7B7"
          separatorcolor="#dfe4e9"
        >
          <svg
            class="sc-1pf3x8a-0 klDMsE"
            fill="none"
            height="1em"
            viewBox="0 0 24 24"
            width="1em"
            xmlns="http://www.w3.org/2000/svg"
          >
            <path
              d="M23 8c0 1.1-.9 2-2 2a1.7 1.7 0 0 1-.51-.07l-3.56 3.55c.05.16.07.34.07.52 0 1.1-.9 2-2 2s-2-.9-2-2c0-.18.02-.36.07-.52l-2.55-2.55c-.16.05-.34.07-.52.07s-.36-.02-.52-.07l-4.55 4.56c.05.16.07.33.07.51 0 1.1-.9 2-2 2s-2-.9-2-2 .9-2 2-2c.18 0 .35.02.51.07l4.56-4.55C8.02 9.36 8 9.18 8 9c0-1.1.9-2 2-2s2 .9 2 2c0 .18-.02.36-.07.52l2.55 2.55c.16-.05.34-.07.52-.07s.36.02.52.07l3.55-3.56A1.7 1.7 0 0 1 19 8c0-1.1.9-2 2-2s2 .9 2 2z"
              fill="#000"
              fill-opacity=".54"
            />
          </svg>
          <span
            class="sc-1ntgl3l-0 hGagSU"
            textalign="initial"
            textcolor="inherit"
          >
            User Activity Log
          </span>
        </li>
      </ul>
      <span
        class="sc-1ntgl3l-0 fwKzLl sc-cx5myq-8 jwnNUD"
        textalign="initial"
        textcolor="inherit"
        textvariant="body3"
      >
        v4.4.0
      </span>
      <div
        class="sc-cx5myq-10 kZkIvW"
      >
        <span
          class="sc-1ntgl3l-0 kiHkan sc-cx5myq-9 hzwpno"
          textalign="center"
          textcolor="inherit"
          textvariant="body3"
          textweight="Light"
        >
          Powered by 
          <svg
            fill="none"
            height="63"
            viewBox="0 0 321 63"
            width="321"
            xmlns="http://www.w3.org/2000/svg"
          >
            <path
              d="M28.977 52.084c0 3.42-1.288 6.105-3.863 8.06C22.587 62.047 18.894 63 14.034 63c-3.936 0-7.167-.586-9.694-1.758C1.862 60.07.623 58.507.623 56.553c0-.928.194-1.733.583-2.417a5.533 5.533 0 0 1 1.676-1.685c1.36.879 2.916 1.66 4.665 2.344 1.798.684 3.863 1.026 6.196 1.026 4.033 0 6.05-1.246 6.05-3.737 0-1.025-.365-1.856-1.094-2.49-.68-.635-1.773-1.124-3.28-1.466l-4.082-.952c-3.595-.782-6.268-2.003-8.018-3.663-1.7-1.71-2.55-3.956-2.55-6.74 0-3.175 1.263-5.739 3.79-7.692 2.527-2.003 6.074-3.004 10.642-3.004 2.332 0 4.397.244 6.195.733 1.847.44 3.305 1.099 4.374 1.978 1.069.879 1.603 1.929 1.603 3.15 0 .879-.194 1.66-.583 2.344a4.216 4.216 0 0 1-1.385 1.539c-.583-.342-1.385-.709-2.405-1.1a26.109 26.109 0 0 0-3.426-1.025 16.422 16.422 0 0 0-3.717-.44c-1.896 0-3.378.294-4.447.88-1.069.586-1.603 1.465-1.603 2.637 0 .781.291 1.465.874 2.051.632.538 1.701.977 3.208 1.319l3.571.88c4.034.927 6.95 2.295 8.747 4.102 1.847 1.758 2.77 4.078 2.77 6.96zM49.73 47.396l-6.413-4.323L59.79 26.59c1.895 0 3.377.415 4.446 1.245 1.118.83 1.676 1.88 1.676 3.15 0 1.124-.364 2.1-1.093 2.93-.68.831-1.774 1.881-3.28 3.151l-11.808 10.33zm-6.195-2.93l7.143-3.37 16.911 15.97c-.146 1.71-.656 3.053-1.53 4.03-.827.927-2.017 1.391-3.572 1.391a5.597 5.597 0 0 1-3.062-.879c-.923-.586-1.92-1.514-2.988-2.784L43.535 44.465zm-7.143-2.052l9.257.44v18.974c-.389.098-.972.22-1.75.366-.728.147-1.554.22-2.478.22-1.7 0-2.964-.317-3.79-.952-.826-.635-1.24-1.759-1.24-3.37V42.414zm9.257 5.201l-9.257-.439V14.282c.389-.146.972-.269 1.75-.366.777-.147 1.603-.22 2.477-.22 1.75 0 3.013.317 3.79.952.827.586 1.24 1.71 1.24 3.37v29.597zM74.238 26.022c0-1.465.486-2.686 1.458-3.663 1.02-.977 2.308-1.465 3.863-1.465 1.555 0 2.819.488 3.79 1.465 1.021.977 1.531 2.198 1.531 3.663 0 1.465-.51 2.71-1.53 3.736-.972.977-2.236 1.466-3.79 1.466-1.556 0-2.843-.489-3.864-1.466-.972-1.025-1.458-2.27-1.458-3.736zM155.669 39.41a147.394 147.394 0 0 1-2.333 8.059 391.47 391.47 0 0 1-2.405 7.692c-.729 2.394-1.385 4.372-1.968 5.934-.486.391-1.167.709-2.041.953-.826.293-1.871.44-3.135.44-1.36 0-2.599-.196-3.717-.587-1.069-.44-1.774-1.074-2.114-1.904-.486-.977-1.02-2.37-1.603-4.176a267.37 267.37 0 0 1-1.75-6.227c-.583-2.394-1.19-4.86-1.822-7.4a353.69 353.69 0 0 1-1.604-7.326 279.653 279.653 0 0 1-1.239-6.447c.486-.488 1.142-.928 1.968-1.318.875-.44 1.847-.66 2.916-.66 1.312 0 2.357.318 3.134.953.778.635 1.288 1.71 1.531 3.223.437 2.93.875 5.641 1.312 8.132.486 2.49.923 4.738 1.312 6.74s.729 3.712 1.02 5.128a159.8 159.8 0 0 0 .802 3.224h.292c.291-1.124.777-2.906 1.458-5.348a566.28 566.28 0 0 1 2.405-8.352l2.77-9.524a8.806 8.806 0 0 1 2.114-.879c.777-.244 1.676-.366 2.697-.366 1.312 0 2.405.22 3.28.659.923.44 1.53 1.099 1.822 1.978a301.3 301.3 0 0 1 2.697 9.011l2.187 7.766c.68 2.246 1.142 3.931 1.385 5.055h.364c.826-4.054 1.676-8.328 2.551-12.82a217.616 217.616 0 0 0 2.333-13.48c1.214-.733 2.599-1.1 4.154-1.1 1.264 0 2.284.293 3.062.88.826.537 1.239 1.489 1.239 2.857 0 .634-.146 1.733-.437 3.296-.243 1.514-.608 3.273-1.094 5.275a168.41 168.41 0 0 1-1.53 6.374 603.894 603.894 0 0 1-1.75 6.447 228.604 228.604 0 0 1-1.676 5.64c-.535 1.661-.996 2.955-1.385 3.883-.438.391-1.166.709-2.187.953-1.02.293-2.114.44-3.28.44-3.061 0-4.884-.758-5.467-2.272a461.669 461.669 0 0 0-1.895-5.567 286.27 286.27 0 0 1-2.26-7.327 192.965 192.965 0 0 1-2.113-7.912zM200.996 63c-4.81 0-8.625-.952-11.443-2.857-2.819-1.905-4.228-4.713-4.228-8.425 0-3.272 1.02-5.763 3.061-7.472 2.09-1.759 5.103-2.833 9.039-3.224l9.986-1.026v-1.318c0-1.905-.681-3.272-2.041-4.103-1.361-.879-3.232-1.319-5.613-1.319-1.895 0-3.742.245-5.54.733-1.798.489-3.401 1.05-4.81 1.685-.535-.39-.997-.928-1.385-1.612a4.716 4.716 0 0 1-.51-2.124c0-1.807.971-3.15 2.915-4.03 1.361-.586 2.94-1.025 4.738-1.318a35.29 35.29 0 0 1 5.54-.44c4.762 0 8.552 1.026 11.371 3.077 2.867 2.003 4.3 5.177 4.3 9.524v16.923c0 1.172-.291 2.1-.874 2.784-.535.684-1.264 1.294-2.187 1.832-1.361.781-3.086 1.416-5.175 1.904-2.09.538-4.471.806-7.144.806zm0-7.033c1.41 0 2.697-.146 3.863-.44 1.167-.292 2.017-.61 2.552-.952v-8.132l-7.071.66c-1.943.146-3.426.586-4.446 1.318-1.02.684-1.531 1.71-1.531 3.077 0 1.368.535 2.467 1.604 3.297 1.069.782 2.745 1.172 5.029 1.172zM225.594 42.56h9.111v8.572c0 1.563.462 2.686 1.385 3.37.972.684 2.308 1.026 4.009 1.026.778 0 1.604-.098 2.478-.293a22.635 22.635 0 0 0 2.333-.733c.389.39.705.88.948 1.465.291.538.437 1.172.437 1.905 0 1.465-.656 2.686-1.968 3.663-1.312.928-3.426 1.392-6.342 1.392-3.839 0-6.876-.855-9.111-2.564-2.187-1.758-3.28-4.64-3.28-8.645v-9.157zm5.54-7.399v-7.253h14.286c.243.342.462.83.656 1.466.195.635.292 1.343.292 2.124 0 1.221-.292 2.15-.875 2.784-.583.586-1.36.88-2.332.88h-12.027zm3.571 9.378h-9.111V18.092c.389-.098.948-.22 1.676-.367.778-.146 1.604-.22 2.479-.22 1.701 0 2.94.318 3.717.953.826.635 1.239 1.758 1.239 3.37v22.71zM270.712 33.55c-2.867 0-5.297.952-7.289 2.857-1.944 1.905-2.916 4.64-2.916 8.205 0 3.565.947 6.276 2.843 8.132 1.895 1.856 4.349 2.784 7.362 2.784 1.7 0 3.182-.22 4.446-.66 1.263-.488 2.357-1 3.28-1.538.729.488 1.288 1.05 1.676 1.685.389.586.584 1.319.584 2.198 0 1.66-.997 3.028-2.989 4.102-1.944 1.075-4.544 1.612-7.799 1.612-3.693 0-6.974-.684-9.841-2.051-2.818-1.368-5.005-3.395-6.56-6.08-1.555-2.736-2.332-6.13-2.332-10.184 0-4.103.826-7.522 2.478-10.257 1.701-2.735 3.961-4.786 6.779-6.153 2.818-1.368 5.88-2.052 9.184-2.052 3.256 0 5.856.586 7.799 1.759 1.944 1.123 2.916 2.515 2.916 4.175 0 .782-.194 1.49-.583 2.125a6.242 6.242 0 0 1-1.458 1.538c-.923-.537-2.016-1.025-3.28-1.465-1.215-.488-2.648-.732-4.3-.732zM320.377 47.103h-9.257v-6.667c0-2.442-.656-4.2-1.968-5.275-1.263-1.123-2.891-1.685-4.883-1.685-1.701 0-3.232.318-4.593.953-1.36.635-2.526 1.367-3.498 2.197l-.511-7.472c1.167-.733 2.6-1.416 4.301-2.051 1.749-.635 3.717-.953 5.904-.953 4.373 0 7.872 1.148 10.496 3.444 2.673 2.295 4.009 5.763 4.009 10.402v7.107zm-32.072-4.542h9.258v19.267c-.389.098-.972.22-1.75.366-.729.147-1.555.22-2.478.22-1.701 0-2.964-.317-3.79-.952-.826-.635-1.24-1.759-1.24-3.37V42.56zm22.815 0l9.257.073v19.194c-.388.098-.972.22-1.749.366a12.23 12.23 0 0 1-2.405.22c-1.75 0-3.038-.317-3.864-.952-.826-.635-1.239-1.759-1.239-3.37V42.56zm-13.557 4.761h-9.258v-33.04c.389-.146.972-.269 1.75-.366.777-.147 1.603-.22 2.478-.22 1.749 0 3.013.317 3.79.952.827.586 1.24 1.71 1.24 3.37v29.304z"
              fill="#3872D2"
            />
            <path
              d="M94.143 42.163l9.121.441V61.5c-.386.098-.965.22-1.737.367-.724.147-1.521.22-2.39.22-1.737 0-3.015-.318-3.836-.955-.772-.637-1.158-1.764-1.158-3.382V42.163zm9.121 5.146l-9.121-.367V11.145c.386-.147.941-.27 1.665-.368a13.15 13.15 0 0 1 2.461-.22c1.737 0 2.992.318 3.764.955.821.589 1.231 1.716 1.231 3.383v32.414zM113.442 42.163l9.121.441V61.5c-.386.098-.965.22-1.737.367a12.03 12.03 0 0 1-2.389.22c-1.738 0-3.016-.318-3.837-.955-.772-.637-1.158-1.764-1.158-3.382V42.163zm9.121 5.146l-9.121-.367V.588c.386-.147.941-.27 1.665-.367A13.14 13.14 0 0 1 117.568 0c1.737 0 2.992.319 3.764.956.821.588 1.231 1.715 1.231 3.382v42.971zM75.593 42.163l9.121.441V61.5c-.386.098-.965.22-1.737.367-.724.147-1.52.22-2.389.22-1.737 0-3.016-.318-3.837-.955-.772-.637-1.158-1.764-1.158-3.382V42.163zm9.121 5.146l-9.12-.367V34.898c.385-.147.94-.27 1.664-.368a13.15 13.15 0 0 1 2.461-.22c1.738 0 2.993.318 3.765.955.82.588 1.23 1.716 1.23 3.382v8.662z"
              fill="#97BBF6"
            />
          </svg>
        </span>
      </div>
      <ul
        class="sc-78sry4-0 sc-1tfcyq3-0 bGFvqD cKaFaH"
      >
        <li
          bgcolor="#ffffff"
          class="sc-gr2wcj-0 hbHjwy"
          closesize="7.2rem"
          group="[object Object]"
          navitem="[object Object]"
          opensize="23rem"
          scrollbarcolor="#98A7B7"
          separatorcolor="#dfe4e9"
        >
          <svg
            class="sc-1pf3x8a-0 klDMsE"
            fill="none"
            height="1em"
            id="ul-toggle-hide"
            title="ul-toggle-hide"
            viewBox="0 0 24 24"
            width="1em"
            xmlns="http://www.w3.org/2000/svg"
          >
            <path
              d="M7.889 18H22.11c.489 0 .889-.45.889-1s-.4-1-.889-1H7.89C7.4 16 7 16.45 7 17s.4 1 .889 1zM7.889 13H22.11c.489 0 .889-.45.889-1s-.4-1-.889-1H7.89C7.4 11 7 11.45 7 12s.4 1 .889 1zM7 7c0 .55.4 1 .889 1H22.11C22.6 8 23 7.55 23 7s-.4-1-.889-1H7.89C7.4 6 7 6.45 7 7zM3.824 8.789l-2.537 2.525a.967.967 0 0 0 0 1.374l2.537 2.525c.618.615 1.676.176 1.676-.692v-5.05c0-.867-1.058-1.296-1.676-.682z"
              fill="#000"
            />
          </svg>
          <span
            class="sc-1ntgl3l-0 hGagSU"
            textalign="initial"
            textcolor="inherit"
          >
            Hide Menu
          </span>
        </li>
      </ul>
    </nav>
  </aside>
</div>
`;
