// Jest Snapshot v1, https://goo.gl/fbAQLP

exports[`KraManagement test snapshot 1`] = `
<div>
  <main
    class="sc-1ehavxz-0 dDyhBJ"
  >
    <div
      class="sc-h70dbj-0 fQmYvl row expanded space-between align-center marginBottom-2"
    >
      <div
        class="sc-w8e7z6-2"
      >
        <h3
          class="sc-1ntgl3l-0 kcLBOi sc-w8e7z6-0 ibnmt"
          textalign="initial"
          textcolor="inherit"
          textvariant="h3"
          textweight="Medium"
        >
          KRAs (Key Responsibility Areas)
        </h3>
      </div>
      <div>
        <button
          class="sc-1k2druj-0 eLgfbc sc-w8e7z6-1"
          disabled=""
          edges="square"
          title="You cannot edit KRA when self review start date has passed."
          type="button"
          variant="solid"
        >
          <span
            class="sc-1ntgl3l-0 eOsHHD"
            textalign="initial"
            textcolor="inherit"
            textvariant="button1"
          >
            Edit KRA
          </span>
        </button>
      </div>
    </div>
    <div
      class="sc-8tbhpn-3"
    >
      <div
        class="sc-1msmxxr-0 iWEzjW"
      />
      <table
        actions=""
        class="sc-1msmxxr-1 jwFsPF sc-8tbhpn-2 kCDmJI"
        columns="[object Object],[object Object],[object Object]"
        defaultactivepage="1"
        defaultsortorder="desc"
        itemsperpage="10"
        rowclickdisablekey=""
        tabindex="-1"
        totalitems="0"
      >
        <thead
          class="sc-uxzsxp-0 haNltq"
        >
          <tr
            class="sc-1jr91bg-0 hJzMcO"
            gridtemplatecolumns=" minmax(100px, 1fr) minmax(100px, 1fr) minmax(100px, 1fr)"
            style="grid-template-columns: minmax(100px, 1fr) minmax(100px, 1fr) minmax(100px, 1fr);"
          >
            <th
              class="sc-hjmm4m-0 iOyNiA"
              tablesize="M"
            >
              <button
                class="sc-hjmm4m-2 kpjakb"
                tablesize="M"
              >
                <span
                  class="sc-1ntgl3l-0 ghpJwn"
                  textalign="initial"
                  textcolor="inherit"
                >
                  KRA ID
                </span>
              </button>
              <span
                class="sc-hjmm4m-1 cuEDpa"
              />
            </th>
            <th
              class="sc-hjmm4m-0 iOyNiA"
              tablesize="M"
            >
              <button
                class="sc-hjmm4m-2 kpjakb"
                tablesize="M"
              >
                <span
                  class="sc-1ntgl3l-0 ghpJwn"
                  textalign="initial"
                  textcolor="inherit"
                >
                  KRA
                </span>
              </button>
              <span
                class="sc-hjmm4m-1 cuEDpa"
              />
            </th>
            <th
              class="sc-hjmm4m-0 iOyNiA"
              tablesize="M"
            >
              <button
                align="center"
                class="sc-hjmm4m-2 bRawwG"
                tablesize="M"
              >
                <span
                  class="sc-1ntgl3l-0 ghpJwn"
                  textalign="initial"
                  textcolor="inherit"
                >
                  Weightage(%)
                </span>
              </button>
              <span
                class="sc-hjmm4m-1 cuEDpa"
              />
            </th>
          </tr>
        </thead>
        <tbody
          class="sc-c7cniy-0 kShdfA"
        >
          <tr
            class="sc-1yxujaa-0 bgyIwA"
            gridtemplatecolumns=" minmax(100px, 1fr) minmax(100px, 1fr) minmax(100px, 1fr)"
            style="grid-template-columns: minmax(100px, 1fr) minmax(100px, 1fr) minmax(100px, 1fr);"
            tabindex="0"
          >
            <td
              class="sc-1e51eaa-0 hFOqbY"
              tablesize="M"
            >
              <div
                class="sc-15vbyef-0 bHPECM"
              />
            </td>
            <td
              class="sc-1e51eaa-0 hFOqbY"
              tablesize="M"
            >
              <div
                class="sc-15vbyef-0 bHPECM"
              />
            </td>
            <td
              align="center"
              class="sc-1e51eaa-0 gwoPex"
              tablesize="M"
            >
              <div
                class="sc-15vbyef-0 bHPECM"
              />
            </td>
          </tr>
          <tr
            class="sc-1yxujaa-0 bgyIwA"
            gridtemplatecolumns=" minmax(100px, 1fr) minmax(100px, 1fr) minmax(100px, 1fr)"
            style="grid-template-columns: minmax(100px, 1fr) minmax(100px, 1fr) minmax(100px, 1fr);"
            tabindex="1"
          >
            <td
              class="sc-1e51eaa-0 hFOqbY"
              tablesize="M"
            >
              <div
                class="sc-15vbyef-0 bHPECM"
              />
            </td>
            <td
              class="sc-1e51eaa-0 hFOqbY"
              tablesize="M"
            >
              <div
                class="sc-15vbyef-0 bHPECM"
              />
            </td>
            <td
              align="center"
              class="sc-1e51eaa-0 gwoPex"
              tablesize="M"
            >
              <div
                class="sc-15vbyef-0 bHPECM"
              />
            </td>
          </tr>
          <tr
            class="sc-1yxujaa-0 bgyIwA"
            gridtemplatecolumns=" minmax(100px, 1fr) minmax(100px, 1fr) minmax(100px, 1fr)"
            style="grid-template-columns: minmax(100px, 1fr) minmax(100px, 1fr) minmax(100px, 1fr);"
            tabindex="2"
          >
            <td
              class="sc-1e51eaa-0 hFOqbY"
              tablesize="M"
            >
              <div
                class="sc-15vbyef-0 bHPECM"
              />
            </td>
            <td
              class="sc-1e51eaa-0 hFOqbY"
              tablesize="M"
            >
              <div
                class="sc-15vbyef-0 bHPECM"
              />
            </td>
            <td
              align="center"
              class="sc-1e51eaa-0 gwoPex"
              tablesize="M"
            >
              <div
                class="sc-15vbyef-0 bHPECM"
              />
            </td>
          </tr>
          <tr
            class="sc-1yxujaa-0 bgyIwA"
            gridtemplatecolumns=" minmax(100px, 1fr) minmax(100px, 1fr) minmax(100px, 1fr)"
            style="grid-template-columns: minmax(100px, 1fr) minmax(100px, 1fr) minmax(100px, 1fr);"
            tabindex="3"
          >
            <td
              class="sc-1e51eaa-0 hFOqbY"
              tablesize="M"
            >
              <div
                class="sc-15vbyef-0 bHPECM"
              />
            </td>
            <td
              class="sc-1e51eaa-0 hFOqbY"
              tablesize="M"
            >
              <div
                class="sc-15vbyef-0 bHPECM"
              />
            </td>
            <td
              align="center"
              class="sc-1e51eaa-0 gwoPex"
              tablesize="M"
            >
              <div
                class="sc-15vbyef-0 bHPECM"
              />
            </td>
          </tr>
          <tr
            class="sc-1yxujaa-0 bgyIwA"
            gridtemplatecolumns=" minmax(100px, 1fr) minmax(100px, 1fr) minmax(100px, 1fr)"
            style="grid-template-columns: minmax(100px, 1fr) minmax(100px, 1fr) minmax(100px, 1fr);"
            tabindex="4"
          >
            <td
              class="sc-1e51eaa-0 hFOqbY"
              tablesize="M"
            >
              <div
                class="sc-15vbyef-0 bHPECM"
              />
            </td>
            <td
              class="sc-1e51eaa-0 hFOqbY"
              tablesize="M"
            >
              <div
                class="sc-15vbyef-0 bHPECM"
              />
            </td>
            <td
              align="center"
              class="sc-1e51eaa-0 gwoPex"
              tablesize="M"
            >
              <div
                class="sc-15vbyef-0 bHPECM"
              />
            </td>
          </tr>
        </tbody>
      </table>
    </div>
  </main>
</div>
`;
