// Jest Snapshot v1, https://goo.gl/fbAQLP

exports[`KpiDescriptionEditor component should take snapshot 1`] = `
<div>
  <h5
    class="sc-1ntgl3l-0 kNdyZX"
    textalign="center"
    textcolor="inherit"
    textvariant="h5"
  />
</div>
`;
